Archive member included to satisfy reference by file (symbol)

C:/ST/STM32CubeIDE_2.0.0/STM32CubeIDE/plugins/com.st.stm32cube.ide.mcu.externaltools.gnu-tools-for-stm32.13.3.rel1.win32_1.0.100.202509120712/tools/bin/../lib/gcc/arm-none-eabi/13.3.1/../../../../arm-none-eabi/lib/thumb/v7e-m+fp/hard\libc_nano.a(libc_a-exit.o)
                              C:/ST/STM32CubeIDE_2.0.0/STM32CubeIDE/plugins/com.st.stm32cube.ide.mcu.externaltools.gnu-tools-for-stm32.13.3.rel1.win32_1.0.100.202509120712/tools/bin/../lib/gcc/arm-none-eabi/13.3.1/../../../../arm-none-eabi/lib/thumb/v7e-m+fp/hard/crt0.o (exit)
C:/ST/STM32CubeIDE_2.0.0/STM32CubeIDE/plugins/com.st.stm32cube.ide.mcu.externaltools.gnu-tools-for-stm32.13.3.rel1.win32_1.0.100.202509120712/tools/bin/../lib/gcc/arm-none-eabi/13.3.1/../../../../arm-none-eabi/lib/thumb/v7e-m+fp/hard\libc_nano.a(libc_a-findfp.o)
                              C:/ST/STM32CubeIDE_2.0.0/STM32CubeIDE/plugins/com.st.stm32cube.ide.mcu.externaltools.gnu-tools-for-stm32.13.3.rel1.win32_1.0.100.202509120712/tools/bin/../lib/gcc/arm-none-eabi/13.3.1/../../../../arm-none-eabi/lib/thumb/v7e-m+fp/hard\libc_nano.a(libc_a-exit.o) (__stdio_exit_handler)
C:/ST/STM32CubeIDE_2.0.0/STM32CubeIDE/plugins/com.st.stm32cube.ide.mcu.externaltools.gnu-tools-for-stm32.13.3.rel1.win32_1.0.100.202509120712/tools/bin/../lib/gcc/arm-none-eabi/13.3.1/../../../../arm-none-eabi/lib/thumb/v7e-m+fp/hard\libc_nano.a(libc_a-fwalk.o)
                              C:/ST/STM32CubeIDE_2.0.0/STM32CubeIDE/plugins/com.st.stm32cube.ide.mcu.externaltools.gnu-tools-for-stm32.13.3.rel1.win32_1.0.100.202509120712/tools/bin/../lib/gcc/arm-none-eabi/13.3.1/../../../../arm-none-eabi/lib/thumb/v7e-m+fp/hard\libc_nano.a(libc_a-findfp.o) (_fwalk_sglue)
C:/ST/STM32CubeIDE_2.0.0/STM32CubeIDE/plugins/com.st.stm32cube.ide.mcu.externaltools.gnu-tools-for-stm32.13.3.rel1.win32_1.0.100.202509120712/tools/bin/../lib/gcc/arm-none-eabi/13.3.1/../../../../arm-none-eabi/lib/thumb/v7e-m+fp/hard\libc_nano.a(libc_a-stdio.o)
                              C:/ST/STM32CubeIDE_2.0.0/STM32CubeIDE/plugins/com.st.stm32cube.ide.mcu.externaltools.gnu-tools-for-stm32.13.3.rel1.win32_1.0.100.202509120712/tools/bin/../lib/gcc/arm-none-eabi/13.3.1/../../../../arm-none-eabi/lib/thumb/v7e-m+fp/hard\libc_nano.a(libc_a-findfp.o) (__sread)
C:/ST/STM32CubeIDE_2.0.0/STM32CubeIDE/plugins/com.st.stm32cube.ide.mcu.externaltools.gnu-tools-for-stm32.13.3.rel1.win32_1.0.100.202509120712/tools/bin/../lib/gcc/arm-none-eabi/13.3.1/../../../../arm-none-eabi/lib/thumb/v7e-m+fp/hard\libc_nano.a(libc_a-memset.o)
                              C:/ST/STM32CubeIDE_2.0.0/STM32CubeIDE/plugins/com.st.stm32cube.ide.mcu.externaltools.gnu-tools-for-stm32.13.3.rel1.win32_1.0.100.202509120712/tools/bin/../lib/gcc/arm-none-eabi/13.3.1/../../../../arm-none-eabi/lib/thumb/v7e-m+fp/hard/crt0.o (memset)
C:/ST/STM32CubeIDE_2.0.0/STM32CubeIDE/plugins/com.st.stm32cube.ide.mcu.externaltools.gnu-tools-for-stm32.13.3.rel1.win32_1.0.100.202509120712/tools/bin/../lib/gcc/arm-none-eabi/13.3.1/../../../../arm-none-eabi/lib/thumb/v7e-m+fp/hard\libc_nano.a(libc_a-closer.o)
                              C:/ST/STM32CubeIDE_2.0.0/STM32CubeIDE/plugins/com.st.stm32cube.ide.mcu.externaltools.gnu-tools-for-stm32.13.3.rel1.win32_1.0.100.202509120712/tools/bin/../lib/gcc/arm-none-eabi/13.3.1/../../../../arm-none-eabi/lib/thumb/v7e-m+fp/hard\libc_nano.a(libc_a-stdio.o) (_close_r)
C:/ST/STM32CubeIDE_2.0.0/STM32CubeIDE/plugins/com.st.stm32cube.ide.mcu.externaltools.gnu-tools-for-stm32.13.3.rel1.win32_1.0.100.202509120712/tools/bin/../lib/gcc/arm-none-eabi/13.3.1/../../../../arm-none-eabi/lib/thumb/v7e-m+fp/hard\libc_nano.a(libc_a-reent.o)
                              C:/ST/STM32CubeIDE_2.0.0/STM32CubeIDE/plugins/com.st.stm32cube.ide.mcu.externaltools.gnu-tools-for-stm32.13.3.rel1.win32_1.0.100.202509120712/tools/bin/../lib/gcc/arm-none-eabi/13.3.1/../../../../arm-none-eabi/lib/thumb/v7e-m+fp/hard\libc_nano.a(libc_a-closer.o) (errno)
C:/ST/STM32CubeIDE_2.0.0/STM32CubeIDE/plugins/com.st.stm32cube.ide.mcu.externaltools.gnu-tools-for-stm32.13.3.rel1.win32_1.0.100.202509120712/tools/bin/../lib/gcc/arm-none-eabi/13.3.1/../../../../arm-none-eabi/lib/thumb/v7e-m+fp/hard\libc_nano.a(libc_a-impure.o)
                              C:/ST/STM32CubeIDE_2.0.0/STM32CubeIDE/plugins/com.st.stm32cube.ide.mcu.externaltools.gnu-tools-for-stm32.13.3.rel1.win32_1.0.100.202509120712/tools/bin/../lib/gcc/arm-none-eabi/13.3.1/../../../../arm-none-eabi/lib/thumb/v7e-m+fp/hard\libc_nano.a(libc_a-reent.o) (_impure_ptr)
C:/ST/STM32CubeIDE_2.0.0/STM32CubeIDE/plugins/com.st.stm32cube.ide.mcu.externaltools.gnu-tools-for-stm32.13.3.rel1.win32_1.0.100.202509120712/tools/bin/../lib/gcc/arm-none-eabi/13.3.1/../../../../arm-none-eabi/lib/thumb/v7e-m+fp/hard\libc_nano.a(libc_a-lseekr.o)
[...]
Memory Configuration

Name             Origin             Length             Attributes
CCMRAM           0x10000000         0x00010000         xrw
RAM              0x20000000         0x00020000         xrw
FLASH            0x08000000         0x00100000         xr
*default*        0x00000000         0xffffffff

Linker script and memory map

LOAD C:/ST/STM32CubeIDE_2.0.0/STM32CubeIDE/plugins/com.st.stm32cube.ide.mcu.externaltools.gnu-tools-for-stm32.13.3.rel1.win32_1.0.100.202509120712/tools/bin/../lib/gcc/arm-none-eabi/13.3.1/thumb/v7e-m+fp/hard/crti.o
LOAD C:/ST/STM32CubeIDE_2.0.0/STM32CubeIDE/plugins/com.st.stm32cube.ide.mcu.externaltools.gnu-tools-for-stm32.13.3.rel1.win32_1.0.100.202509120712/tools/bin/../lib/gcc/arm-none-eabi/13.3.1/thumb/v7e-m+fp/hard/crtbegin.o
LOAD C:/ST/STM32CubeIDE_2.0.0/STM32CubeIDE/plugins/com.st.stm32cube.ide.mcu.externaltools.gnu-tools-for-stm32.13.3.rel1.win32_1.0.100.202509120712/tools/bin/../lib/gcc/arm-none-eabi/13.3.1/../../../../arm-none-eabi/lib/thumb/v7e-m+fp/hard/crt0.o
LOAD ./Core/Src/adc.o
LOAD ./Core/Src/exti.o
LOAD ./Core/Src/freertos.o
LOAD ./Core/Src/main.o
LOAD ./Core/Src/stm32f4xx_hal_msp.o
LOAD ./Core/Src/stm32f4xx_hal_timebase_tim.o
LOAD ./Core/Src/stm32f4xx_it.o
LOAD ./Core/Src/syscalls.o
LOAD ./Core/Src/sysmem.o
LOAD ./Core/Src/system_stm32f4xx.o
LOAD ./Core/Src/uart.o
LOAD ./Core/Startup/startup_stm32f407vgtx.o
LOAD ./Drivers/STM32F4xx_HAL_Driver/Src/stm32f4xx_hal.o
LOAD ./Drivers/STM32F4xx_HAL_Driver/Src/stm32f4xx_hal_cortex.o
LOAD ./Drivers/STM32F4xx_HAL_Driver/Src/stm32f4xx_hal_dma.o
LOAD ./Drivers/STM32F4xx_HAL_Driver/Src/stm32f4xx_hal_dma_ex.o
LOAD ./Drivers/STM32F4xx_HAL_Driver/Src/stm32f4xx_hal_exti.o
LOAD ./Drivers/STM32F4xx_HAL_Driver/Src/stm32f4xx_hal_flash.o
LOAD ./Drivers/STM32F4xx_HAL_Driver/Src/stm32f4xx_hal_flash_ex.o
LOAD ./Drivers/STM32F4xx_HAL_Driver/Src/stm32f4xx_hal_flash_ramfunc.o
LOAD ./Drivers/STM32F4xx_HAL_Driver/Src/stm32f4xx_hal_gpio.o
LOAD ./Drivers/STM32F4xx_HAL_Driver/Src/stm32f4xx_hal_pcd.o
LOAD ./Drivers/STM32F4xx_HAL_Driver/Src/stm32f4xx_hal_pcd_ex.o
LOAD ./Drivers/STM32F4xx_HAL_Driver/Src/stm32f4xx_hal_pwr.o
LOAD ./Drivers/STM32F4xx_HAL_Driver/Src/stm32f4xx_hal_pwr_ex.o
LOAD ./Drivers/STM32F4xx_HAL_Driver/Src/stm32f4xx_hal_rcc.o
LOAD ./Drivers/STM32F4xx_HAL_Driver/Src/stm32f4xx_hal_rcc_ex.o
LOAD ./Drivers/STM32F4xx_HAL_Driver/Src/stm32f4xx_hal_tim.o
LOAD ./Drivers/STM32F4xx_HAL_Driver/Src/stm32f4xx_hal_tim_ex.o
LOAD ./Drivers/STM32F4xx_HAL_Driver/Src/stm32f4xx_hal_uart.o
LOAD ./Drivers/STM32F4xx_HAL_Driver/Src/stm32f4xx_ll_usb.o
LOAD ./Middlewares/ST/STM32_USB_Device_Library/Class/CDC/Src/usbd_cdc.o
LOAD ./Middlewares/ST/STM32_USB_Device_Library/Core/Src/usbd_core.o
LOAD ./Middlewares/ST/STM32_USB_Device_Library/Core/Src/usbd_ctlreq.o
LOAD ./Middlewares/ST/STM32_USB_Device_Library/Core/Src/usbd_ioreq.o
LOAD ./Middlewares/Third_Party/FreeRTOS/Source/CMSIS_RTOS/cmsis_os.o
LOAD ./Middlewares/Third_Party/FreeRTOS/Source/croutine.o
LOAD ./Middlewares/Third_Party/FreeRTOS/Source/event_groups.o
LOAD ./Middlewares/Third_Party/FreeRTOS/Source/list.o
LOAD ./Middlewares/Third_Party/FreeRTOS/Source/queue.o
LOAD ./Middlewares/Third_Party/FreeRTOS/Source/stream_buffer.o
LOAD ./Middlewares/Third_Party/FreeRTOS/Source/tasks.o
LOAD ./Middlewares/Third_Party/FreeRTOS/Source/timers.o
LOAD ./Middlewares/Third_Party/FreeRTOS/Source/portable/GCC/ARM_CM4F/port.o
LOAD ./Middlewares/Third_Party/FreeRTOS/Source/portable/MemMang/heap_4.o
LOAD ./USB_DEVICE/App/usb_device.o
LOAD ./USB_DEVICE/App/usbd_cdc_if.o
LOAD ./USB_DEVICE/App/usbd_desc.o
LOAD ./USB_DEVICE/Target/usbd_conf.o
START GROUP
LOAD C:/ST/STM32CubeIDE_2.0.0/STM32CubeIDE/plugins/com.st.stm32cube.ide.mcu.externaltools.gnu-tools-for-stm32.13.3.rel1.win32_1.0.100.202509120712/tools/bin/../lib/gcc/arm-none-eabi/13.3.1/../../../../arm-none-eabi/lib/thumb/v7e-m+fp/hard\libc_nano.a
LOAD C:/ST/STM32CubeIDE_2.0.0/STM32CubeIDE/plugins/com.st.stm32cube.ide.mcu.externaltools.gnu-tools-for-stm32.13.3.rel1.win32_1.0.100.202509120712/tools/bin/../lib/gcc/arm-none-eabi/13.3.1/../../../../arm-none-eabi/lib/thumb/v7e-m+fp/hard\libm.a
END GROUP
START GROUP
LOAD C:/ST/STM32CubeIDE_2.0.0/STM32CubeIDE/plugins/com.st.stm32cube.ide.mcu.externaltools.gnu-tools-for-stm32.13.3.rel1.win32_1.0.100.202509120712/tools/bin/../lib/gcc/arm-none-eabi/13.3.1/thumb/v7e-m+fp/hard\libgcc.a
LOAD C:/ST/STM32CubeIDE_2.0.0/STM32CubeIDE/plugins/com.st.stm32cube.ide.mcu.externaltools.gnu-tools-for-stm32.13.3.rel1.win32_1.0.100.202509120712/tools/bin/../lib/gcc/arm-none-eabi/13.3.1/../../../../arm-none-eabi/lib/thumb/v7e-m+fp/hard\libc_nano.a
END GROUP
START GROUP
LOAD C:/ST/STM32CubeIDE_2.0.0/STM32CubeIDE/plugins/com.st.stm32cube.ide.mcu.externaltools.gnu-tools-for-stm32.13.3.rel1.win32_1.0.100.202509120712/tools/bin/../lib/gcc/arm-none-eabi/13.3.1/thumb/v7e-m+fp/hard\libgcc.a
LOAD C:/ST/STM32CubeIDE_2.0.0/STM32CubeIDE/plugins/com.st.stm32cube.ide.mcu.externaltools.gnu-tools-for-stm32.13.3.rel1.win32_1.0.100.202509120712/tools/bin/../lib/gcc/arm-none-eabi/13.3.1/../../../../arm-none-eabi/lib/thumb/v7e-m+fp/hard\libc_nano.a
LOAD C:/ST/STM32CubeIDE_2.0.0/STM32CubeIDE/plugins/com.st.stm32cube.ide.mcu.externaltools.gnu-tools-for-stm32.13.3.rel1.win32_1.0.100.202509120712/tools/bin/../lib/gcc/arm-none-eabi/13.3.1/../../../../arm-none-eabi/lib/thumb/v7e-m+fp/hard\libnosys.a
END GROUP
START GROUP
LOAD C:/ST/STM32CubeIDE_2.0.0/STM32CubeIDE/plugins/com.st.stm32cube.ide.mcu.externaltools.gnu-tools-for-stm32.13.3.rel1.win32_1.0.100.202509120712/tools/bin/../lib/gcc/arm-none-eabi/13.3.1/thumb/v7e-m+fp/hard\libgcc.a
LOAD C:/ST/STM32CubeIDE_2.0.0/STM32CubeIDE/plugins/com.st.stm32cube.ide.mcu.externaltools.gnu-tools-for-stm32.13.3.rel1.win32_1.0.100.202509120712/tools/bin/../lib/gcc/arm-none-eabi/13.3.1/../../../../arm-none-eabi/lib/thumb/v7e-m+fp/hard\libc_nano.a
LOAD C:/ST/STM32CubeIDE_2.0.0/STM32CubeIDE/plugins/com.st.stm32cube.ide.mcu.externaltools.gnu-tools-for-stm32.13.3.rel1.win32_1.0.100.202509120712/tools/bin/../lib/gcc/arm-none-eabi/13.3.1/../../../../arm-none-eabi/lib/thumb/v7e-m+fp/hard\libnosys.a
END GROUP
LOAD C:/ST/STM32CubeIDE_2.0.0/STM32CubeIDE/plugins/com.st.stm32cube.ide.mcu.externaltools.gnu-tools-for-stm32.13.3.rel1.win32_1.0.100.202509120712/tools/bin/../lib/gcc/arm-none-eabi/13.3.1/thumb/v7e-m+fp/hard/crtend.o
LOAD C:/ST/STM32CubeIDE_2.0.0/STM32CubeIDE/plugins/com.st.stm32cube.ide.mcu.externaltools.gnu-tools-for-stm32.13.3.rel1.win32_1.0.100.202509120712/tools/bin/../lib/gcc/arm-none-eabi/13.3.1/thumb/v7e-m+fp/hard/crtn.o
                0x20020000                        _estack = (ORIGIN (RAM) + LENGTH (RAM))
                0x00000200                        _Min_Heap_Size = 0x200
                0x00000400                        _Min_Stack_Size = 0x400

.isr_vector     0x08000000      0x188
                0x08000000                        . = ALIGN (0x4)
 *(.isr_vector)
 .isr_vector    0x08000000      0x188 ./Core/Startup/startup_stm32f407vgtx.o
                0x08000000                g_pfnVectors
                0x08000188                        . = ALIGN (0x4)

.text           0x08000190     0x9a9c
                0x08000190                        . = ALIGN (0x4)
 *(.text)
 .text          0x08000190       0x40 C:/ST/STM32CubeIDE_2.0.0/STM32CubeIDE/plugins/com.st.stm32cube.ide.mcu.externaltools.gnu-tools-for-stm32.13.3.rel1.win32_1.0.100.202509120712/tools/bin/../lib/gcc/arm-none-eabi/13.3.1/thumb/v7e-m+fp/hard/crtbegin.o
 .text          0x080001d0       0x30 C:/ST/STM32CubeIDE_2.0.0/STM32CubeIDE/plugins/com.st.stm32cube.ide.mcu.externaltools.gnu-tools-for-stm32.13.3.rel1.win32_1.0.100.202509120712/tools/bin/../lib/gcc/arm-none-eabi/13.3.1/thumb/v7e-m+fp/hard\libgcc.a(_aeabi_uldivmod.o)
                0x080001d0                __aeabi_uldivmod
 .text          0x08000200      0x2f8 C:/ST/STM32CubeIDE_2.0.0/STM32CubeIDE/plugins/com.st.stm32cube.ide.mcu.externaltools.gnu-tools-for-stm32.13.3.rel1.win32_1.0.100.202509120712/tools/bin/../lib/gcc/arm-none-eabi/13.3.1/thumb/v7e-m+fp/hard\libgcc.a(_udivmoddi4.o)
                0x08000200                __udivmoddi4
 .text          0x080004f8        0x4 C:/ST/STM32CubeIDE_2.0.0/STM32CubeIDE/plugins/com.st.stm32cube.ide.mcu.externaltools.gnu-tools-for-stm32.13.3.rel1.win32_1.0.100.202509120712/tools/bin/../lib/gcc/arm-none-eabi/13.3.1/thumb/v7e-m+fp/hard\libgcc.a(_dvmd_tls.o)
                0x080004f8                __aeabi_idiv0
                0x080004f8                __aeabi_ldiv0
 *(.text*)
 .text.__NVIC_EnableIRQ
                0x080004fc       0x3c ./Core/Src/adc.o
 .text.__NVIC_SetPriority
                0x08000538       0x54 ./Core/Src/adc.o
 .text.adc_init
                0x0800058c      0x194 ./Core/Src/adc.o
                0x0800058c                adc_init
 .text.DMA2_Stream0_IRQHandler
                0x08000720       0xd8 ./Core/Src/adc.o
                0x08000720                DMA2_Stream0_IRQHandler
 .text.gpio_init
                0x080007f8       0x30 ./Core/Src/exti.o
                0x080007f8                gpio_init
 .text.vApplicationGetIdleTaskMemory
                0x08000828       0x34 ./Core/Src/freertos.o
                0x08000828                vApplicationGetIdleTaskMemory
 .text.main     0x0800085c       0x64 ./Core/Src/main.o
                0x0800085c                main
 .text.SystemClock_Config
                0x080008c0       0xd8 ./Core/Src/main.o
                0x080008c0                SystemClock_Config
 .text.MX_GPIO_Init
                0x08000998       0xb0 ./Core/Src/main.o
 .text.HAL_TIM_PeriodElapsedCallback
                0x08000a48       0x24 ./Core/Src/main.o
                0x08000a48                HAL_TIM_PeriodElapsedCallback
 .text.Error_Handler
                0x08000a6c        0xc ./Core/Src/main.o
                0x08000a6c                Error_Handler
 .text.HAL_MspInit
                0x08000a78       0x58 ./Core/Src/stm32f4xx_hal_msp.o
                0x08000a78                HAL_MspInit
 .text.HAL_UART_MspInit
                0x08000ad0       0x90 ./Core/Src/stm32f4xx_hal_msp.o
                0x08000ad0                HAL_UART_MspInit
 .text.HAL_InitTick
                0x08000b60       0xe4 ./Core/Src/stm32f4xx_hal_timebase_tim.o
                0x08000b60                HAL_InitTick
 .text.NMI_Handler
                0x08000c44        0x8 ./Core/Src/stm32f4xx_it.o
                0x08000c44                NMI_Handler
 .text.HardFault_Handler
                0x08000c4c        0x8 ./Core/Src/stm32f4xx_it.o
                0x08000c4c                HardFault_Handler
 .text.MemManage_Handler
                0x08000c54        0x8 ./Core/Src/stm32f4xx_it.o
                0x08000c54                MemManage_Handler
 .text.BusFault_Handler
                0x08000c5c        0x8 ./Core/Src/stm32f4xx_it.o
                0x08000c5c                BusFault_Handler
 .text.UsageFault_Handler
                0x08000c64        0x8 ./Core/Src/stm32f4xx_it.o
                0x08000c64                UsageFault_Handler
 .text.DebugMon_Handler
                0x08000c6c        0xe ./Core/Src/stm32f4xx_it.o
                0x08000c6c                DebugMon_Handler
 *fill*         0x08000c7a        0x2 
 .text.TIM1_UP_TIM10_IRQHandler
                0x08000c7c       0x14 ./Core/Src/stm32f4xx_it.o
                0x08000c7c                TIM1_UP_TIM10_IRQHandler
 .text.OTG_FS_IRQHandler
                0x08000c90       0x14 ./Core/Src/stm32f4xx_it.o
                0x08000c90                OTG_FS_IRQHandler
 .text.SystemInit
                0x08000ca4       0x24 ./Core/Src/system_stm32f4xx.o
                0x08000ca4                SystemInit
 .text.ADC_Task
                0x08000cc8       0x40 ./Core/Src/uart.o
                0x08000cc8                ADC_Task
 .text.MX_USART2_UART_TX_Init
                0x08000d08       0x48 ./Core/Src/uart.o
                0x08000d08                MX_USART2_UART_TX_Init
 .text.MX_USART2_UART_RX_Init
                0x08000d50       0x48 ./Core/Src/uart.o
                0x08000d50                MX_USART2_UART_RX_Init
 .text.Reset_Handler
                0x08000d98       0x50 ./Core/Startup/startup_stm32f407vgtx.o
                0x08000d98                Reset_Handler
 .text.Default_Handler
                0x08000de8        0x2 ./Core/Startup/startup_stm32f407vgtx.o
                0x08000de8                RTC_Alarm_IRQHandler
                0x08000de8                HASH_RNG_IRQHandler
                0x08000de8                EXTI2_IRQHandler
                0x08000de8                TIM8_CC_IRQHandler
                0x08000de8                TIM1_CC_IRQHandler
                0x08000de8                DMA2_Stream5_IRQHandler
                0x08000de8                DMA1_Stream5_IRQHandler
                0x08000de8                PVD_IRQHandler
                0x08000de8                SDIO_IRQHandler
                0x08000de8                TAMP_STAMP_IRQHandler
                0x08000de8                CAN2_RX1_IRQHandler
                0x08000de8                EXTI3_IRQHandler
                0x08000de8                TIM8_TRG_COM_TIM14_IRQHandler
                0x08000de8                TIM8_UP_TIM13_IRQHandler
                0x08000de8                I2C3_ER_IRQHandler
                0x08000de8                EXTI0_IRQHandler
                0x08000de8                I2C2_EV_IRQHandler
                0x08000de8                DMA1_Stream2_IRQHandler
                0x08000de8                CAN1_RX0_IRQHandler
                0x08000de8                FPU_IRQHandler
                0x08000de8                OTG_HS_WKUP_IRQHandler
                0x08000de8                CAN2_SCE_IRQHandler
                0x08000de8                DMA2_Stream2_IRQHandler
                0x08000de8                SPI1_IRQHandler
                0x08000de8                TIM6_DAC_IRQHandler
                0x08000de8                TIM1_BRK_TIM9_IRQHandler
                0x08000de8                DCMI_IRQHandler
                0x08000de8                CAN2_RX0_IRQHandler
                0x08000de8                DMA2_Stream3_IRQHandler
                0x08000de8                USART6_IRQHandler
                0x08000de8                USART3_IRQHandler
                0x08000de8                CAN1_RX1_IRQHandler
                0x08000de8                UART5_IRQHandler
                0x08000de8                TIM4_IRQHandler
                0x08000de8                I2C1_EV_IRQHandler
                0x08000de8                DMA1_Stream6_IRQHandler
                0x08000de8                DMA1_Stream1_IRQHandler
                0x08000de8                UART4_IRQHandler
                0x08000de8                TIM3_IRQHandler
                0x08000de8                RCC_IRQHandler
                0x08000de8                TIM8_BRK_TIM12_IRQHandler
                0x08000de8                Default_Handler
                0x08000de8                EXTI15_10_IRQHandler
                0x08000de8                ADC_IRQHandler
                0x08000de8                DMA1_Stream7_IRQHandler
                0x08000de8                TIM7_IRQHandler
                0x08000de8                CAN2_TX_IRQHandler
                0x08000de8                TIM5_IRQHandler
                0x08000de8                DMA2_Stream7_IRQHandler
                0x08000de8                I2C3_EV_IRQHandler
                0x08000de8                EXTI9_5_IRQHandler
                0x08000de8                RTC_WKUP_IRQHandler
                0x08000de8                ETH_WKUP_IRQHandler
                0x08000de8                SPI2_IRQHandler
                0x08000de8                OTG_HS_EP1_IN_IRQHandler
                0x08000de8                DMA1_Stream0_IRQHandler
                0x08000de8                CAN1_TX_IRQHandler
                0x08000de8                EXTI4_IRQHandler
                0x08000de8                FSMC_IRQHandler
                0x08000de8                ETH_IRQHandler
                0x08000de8                OTG_HS_EP1_OUT_IRQHandler
                0x08000de8                WWDG_IRQHandler
                0x08000de8                TIM2_IRQHandler
                0x08000de8                OTG_FS_WKUP_IRQHandler
                0x08000de8                TIM1_TRG_COM_TIM11_IRQHandler
                0x08000de8                OTG_HS_IRQHandler
                0x08000de8                EXTI1_IRQHandler
                0x08000de8                USART2_IRQHandler
                0x08000de8                I2C2_ER_IRQHandler
                0x08000de8                DMA2_Stream1_IRQHandler
                0x08000de8                CAN1_SCE_IRQHandler
                0x08000de8                FLASH_IRQHandler
                0x08000de8                DMA2_Stream4_IRQHandler
                0x08000de8                USART1_IRQHandler
                0x08000de8                SPI3_IRQHandler
                0x08000de8                DMA1_Stream4_IRQHandler
                0x08000de8                I2C1_ER_IRQHandler
                0x08000de8                DMA2_Stream6_IRQHandler
                0x08000de8                DMA1_Stream3_IRQHandler
 *fill*         0x08000dea        0x2 
 .text.HAL_Init
                0x08000dec       0x44 ./Drivers/STM32F4xx_HAL_Driver/Src/stm32f4xx_hal.o
                0x08000dec                HAL_Init
 .text.HAL_IncTick
                0x08000e30       0x28 ./Drivers/STM32F4xx_HAL_Driver/Src/stm32f4xx_hal.o
                0x08000e30                HAL_IncTick
 .text.HAL_GetTick
                0x08000e58       0x18 ./Drivers/STM32F4xx_HAL_Driver/Src/stm32f4xx_hal.o
                0x08000e58                HAL_GetTick
 .text.HAL_Delay
                0x08000e70       0x48 ./Drivers/STM32F4xx_HAL_Driver/Src/stm32f4xx_hal.o
                0x08000e70                HAL_Delay
 .text.__NVIC_SetPriorityGrouping
                0x08000eb8       0x48 ./Drivers/STM32F4xx_HAL_Driver/Src/stm32f4xx_hal_cortex.o
 .text.__NVIC_GetPriorityGrouping
                0x08000f00       0x1c ./Drivers/STM32F4xx_HAL_Driver/Src/stm32f4xx_hal_cortex.o
 .text.__NVIC_EnableIRQ
                0x08000f1c       0x3c ./Drivers/STM32F4xx_HAL_Driver/Src/stm32f4xx_hal_cortex.o
 .text.__NVIC_SetPriority
                0x08000f58       0x54 ./Drivers/STM32F4xx_HAL_Driver/Src/stm32f4xx_hal_cortex.o
 .text.NVIC_EncodePriority
                0x08000fac       0x66 ./Drivers/STM32F4xx_HAL_Driver/Src/stm32f4xx_hal_cortex.o
 .text.HAL_NVIC_SetPriorityGrouping
                0x08001012       0x16 ./Drivers/STM32F4xx_HAL_Driver/Src/stm32f4xx_hal_cortex.o
                0x08001012                HAL_NVIC_SetPriorityGrouping
 .text.HAL_NVIC_SetPriority
                0x08001028       0x38 ./Drivers/STM32F4xx_HAL_Driver/Src/stm32f4xx_hal_cortex.o
                0x08001028                HAL_NVIC_SetPriority
 .text.HAL_NVIC_EnableIRQ
                0x08001060       0x1c ./Drivers/STM32F4xx_HAL_Driver/Src/stm32f4xx_hal_cortex.o
                0x08001060                HAL_NVIC_EnableIRQ
 .text.HAL_GPIO_Init
                0x0800107c      0x338 ./Drivers/STM32F4xx_HAL_Driver/Src/stm32f4xx_hal_gpio.o
                0x0800107c                HAL_GPIO_Init
 .text.HAL_GPIO_WritePin
                0x080013b4       0x32 ./Drivers/STM32F4xx_HAL_Driver/Src/stm32f4xx_hal_gpio.o
                0x080013b4                HAL_GPIO_WritePin
 .text.HAL_PCD_Init
                0x080013e6      0x21e ./Drivers/STM32F4xx_HAL_Driver/Src/stm32f4xx_hal_pcd.o
                0x080013e6                HAL_PCD_Init
 .text.HAL_PCD_Start
                0x08001604       0x6a ./Drivers/STM32F4xx_HAL_Driver/Src/stm32f4xx_hal_pcd.o
                0x08001604                HAL_PCD_Start
 .text.HAL_PCD_IRQHandler
                0x0800166e      0x942 ./Drivers/STM32F4xx_HAL_Driver/Src/stm32f4xx_hal_pcd.o
                0x0800166e                HAL_PCD_IRQHandler
 .text.HAL_PCD_SetAddress
                0x08001fb0       0x48 ./Drivers/STM32F4xx_HAL_Driver/Src/stm32f4xx_hal_pcd.o
                0x08001fb0                HAL_PCD_SetAddress
 .text.HAL_PCD_EP_Open
                0x08001ff8       0xd4 ./Drivers/STM32F4xx_HAL_Driver/Src/stm32f4xx_hal_pcd.o
                0x08001ff8                HAL_PCD_EP_Open
 .text.HAL_PCD_EP_Close
                0x080020cc       0x94 ./Drivers/STM32F4xx_HAL_Driver/Src/stm32f4xx_hal_pcd.o
                0x080020cc                HAL_PCD_EP_Close
 .text.HAL_PCD_EP_Receive
                0x08002160       0x76 ./Drivers/STM32F4xx_HAL_Driver/Src/stm32f4xx_hal_pcd.o
                0x08002160                HAL_PCD_EP_Receive
 .text.HAL_PCD_EP_GetRxCount
                0x080021d6       0x30 ./Drivers/STM32F4xx_HAL_Driver/Src/stm32f4xx_hal_pcd.o
                0x080021d6                HAL_PCD_EP_GetRxCount
 .text.HAL_PCD_EP_Transmit
                0x08002206       0x74 ./Drivers/STM32F4xx_HAL_Driver/Src/stm32f4xx_hal_pcd.o
                0x08002206                HAL_PCD_EP_Transmit
 .text.HAL_PCD_EP_SetStall
                0x0800227a       0xc6 ./Drivers/STM32F4xx_HAL_Driver/Src/stm32f4xx_hal_pcd.o
                0x0800227a                HAL_PCD_EP_SetStall
 .text.HAL_PCD_EP_ClrStall
                0x08002340       0xac ./Drivers/STM32F4xx_HAL_Driver/Src/stm32f4xx_hal_pcd.o
                0x08002340                HAL_PCD_EP_ClrStall
 .text.HAL_PCD_EP_Abort
                0x080023ec       0x62 ./Drivers/STM32F4xx_HAL_Driver/Src/stm32f4xx_hal_pcd.o
                0x080023ec                HAL_PCD_EP_Abort
 .text.PCD_WriteEmptyTxFifo
                0x0800244e      0x118 ./Drivers/STM32F4xx_HAL_Driver/Src/stm32f4xx_hal_pcd.o
 *fill*         0x08002566        0x2 
 .text.PCD_EP_OutXfrComplete_int
                0x08002568      0x1d0 ./Drivers/STM32F4xx_HAL_Driver/Src/stm32f4xx_hal_pcd.o
 .text.PCD_EP_OutSetupPacket_int
                0x08002738       0x8c ./Drivers/STM32F4xx_HAL_Driver/Src/stm32f4xx_hal_pcd.o
 .text.HAL_PCDEx_SetTxFiFo
                0x080027c4       0x8e ./Drivers/STM32F4xx_HAL_Driver/Src/stm32f4xx_hal_pcd_ex.o
                0x080027c4                HAL_PCDEx_SetTxFiFo
 .text.HAL_PCDEx_SetRxFiFo
                0x08002852       0x22 ./Drivers/STM32F4xx_HAL_Driver/Src/stm32f4xx_hal_pcd_ex.o
                0x08002852                HAL_PCDEx_SetRxFiFo
 .text.HAL_PCDEx_LPM_Callback
                0x08002874       0x18 ./Drivers/STM32F4xx_HAL_Driver/Src/stm32f4xx_hal_pcd_ex.o
                0x08002874                HAL_PCDEx_LPM_Callback
 .text.HAL_RCC_OscConfig
                0x0800288c      0x4f0 ./Drivers/STM32F4xx_HAL_Driver/Src/stm32f4xx_hal_rcc.o
                0x0800288c                HAL_RCC_OscConfig
 .text.HAL_RCC_ClockConfig
                0x08002d7c      0x1cc ./Drivers/STM32F4xx_HAL_Driver/Src/stm32f4xx_hal_rcc.o
                0x08002d7c                HAL_RCC_ClockConfig
 .text.HAL_RCC_GetSysClockFreq
                0x08002f48      0x20c ./Drivers/STM32F4xx_HAL_Driver/Src/stm32f4xx_hal_rcc.o
                0x08002f48                HAL_RCC_GetSysClockFreq
 .text.HAL_RCC_GetHCLKFreq
                0x08003154       0x18 ./Drivers/STM32F4xx_HAL_Driver/Src/stm32f4xx_hal_rcc.o
                0x08003154                HAL_RCC_GetHCLKFreq
 .text.HAL_RCC_GetPCLK1Freq
                0x0800316c       0x28 ./Drivers/STM32F4xx_HAL_Driver/Src/stm32f4xx_hal_rcc.o
                0x0800316c                HAL_RCC_GetPCLK1Freq
 .text.HAL_RCC_GetPCLK2Freq
                0x08003194       0x28 ./Drivers/STM32F4xx_HAL_Driver/Src/stm32f4xx_hal_rcc.o
                0x08003194                HAL_RCC_GetPCLK2Freq
 .text.HAL_RCC_GetClockConfig
                0x080031bc       0x64 ./Drivers/STM32F4xx_HAL_Driver/Src/stm32f4xx_hal_rcc.o
                0x080031bc                HAL_RCC_GetClockConfig
 .text.HAL_TIM_Base_Init
                0x08003220       0x9e ./Drivers/STM32F4xx_HAL_Driver/Src/stm32f4xx_hal_tim.o
                0x08003220                HAL_TIM_Base_Init
 .text.HAL_TIM_Base_MspInit
                0x080032be       0x14 ./Drivers/STM32F4xx_HAL_Driver/Src/stm32f4xx_hal_tim.o
                0x080032be                HAL_TIM_Base_MspInit
 *fill*         0x080032d2        0x2 
 .text.HAL_TIM_Base_Start_IT
                0x080032d4       0xe0 ./Drivers/STM32F4xx_HAL_Driver/Src/stm32f4xx_hal_tim.o
                0x080032d4                HAL_TIM_Base_Start_IT
 .text.HAL_TIM_IRQHandler
                0x080033b4      0x1e0 ./Drivers/STM32F4xx_HAL_Driver/Src/stm32f4xx_hal_tim.o
                0x080033b4                HAL_TIM_IRQHandler
 .text.HAL_TIM_OC_DelayElapsedCallback
                0x08003594       0x14 ./Drivers/STM32F4xx_HAL_Driver/Src/stm32f4xx_hal_tim.o
                0x08003594                HAL_TIM_OC_DelayElapsedCallback
 .text.HAL_TIM_IC_CaptureCallback
                0x080035a8       0x14 ./Drivers/STM32F4xx_HAL_Driver/Src/stm32f4xx_hal_tim.o
                0x080035a8                HAL_TIM_IC_CaptureCallback
 .text.HAL_TIM_PWM_PulseFinishedCallback
                0x080035bc       0x14 ./Drivers/STM32F4xx_HAL_Driver/Src/stm32f4xx_hal_tim.o
                0x080035bc                HAL_TIM_PWM_PulseFinishedCallback
 .text.HAL_TIM_TriggerCallback
                0x080035d0       0x14 ./Drivers/STM32F4xx_HAL_Driver/Src/stm32f4xx_hal_tim.o
                0x080035d0                HAL_TIM_TriggerCallback
 .text.TIM_Base_SetConfig
                0x080035e4      0x14c ./Drivers/STM32F4xx_HAL_Driver/Src/stm32f4xx_hal_tim.o
                0x080035e4                TIM_Base_SetConfig
 .text.HAL_TIMEx_CommutCallback
                0x08003730       0x14 ./Drivers/STM32F4xx_HAL_Driver/Src/stm32f4xx_hal_tim_ex.o
                0x08003730                HAL_TIMEx_CommutCallback
 .text.HAL_TIMEx_BreakCallback
                0x08003744       0x14 ./Drivers/STM32F4xx_HAL_Driver/Src/stm32f4xx_hal_tim_ex.o
                0x08003744                HAL_TIMEx_BreakCallback
 .text.HAL_UART_Init
                0x08003758       0xa0 ./Drivers/STM32F4xx_HAL_Driver/Src/stm32f4xx_hal_uart.o
                0x08003758                HAL_UART_Init
 .text.UART_SetConfig
                0x080037f8      0x4e8 ./Drivers/STM32F4xx_HAL_Driver/Src/stm32f4xx_hal_uart.o
 .text.USB_CoreInit
                0x08003ce0       0xc8 ./Drivers/STM32F4xx_HAL_Driver/Src/stm32f4xx_ll_usb.o
                0x08003ce0                USB_CoreInit
 .text.USB_SetTurnaroundTime
                0x08003da8      0x144 ./Drivers/STM32F4xx_HAL_Driver/Src/stm32f4xx_ll_usb.o
                0x08003da8                USB_SetTurnaroundTime
 .text.USB_EnableGlobalInt
                0x08003eec       0x22 ./Drivers/STM32F4xx_HAL_Driver/Src/stm32f4xx_ll_usb.o
                0x08003eec                USB_EnableGlobalInt
 .text.USB_DisableGlobalInt
                0x08003f0e       0x22 ./Drivers/STM32F4xx_HAL_Driver/Src/stm32f4xx_ll_usb.o
                0x08003f0e                USB_DisableGlobalInt
 .text.USB_SetCurrentMode
                0x08003f30       0x98 ./Drivers/STM32F4xx_HAL_Driver/Src/stm32f4xx_ll_usb.o
                0x08003f30                USB_SetCurrentMode
 .text.USB_DevInit
                0x08003fc8      0x2c8 ./Drivers/STM32F4xx_HAL_Driver/Src/stm32f4xx_ll_usb.o
                0x08003fc8                USB_DevInit
 .text.USB_FlushTxFifo
                0x08004290       0x64 ./Drivers/STM32F4xx_HAL_Driver/Src/stm32f4xx_ll_usb.o
                0x08004290                USB_FlushTxFifo
 .text.USB_FlushRxFifo
                0x080042f4       0x5c ./Drivers/STM32F4xx_HAL_Driver/Src/stm32f4xx_ll_usb.o
                0x080042f4                USB_FlushRxFifo
 .text.USB_SetDevSpeed
                0x08004350       0x32 ./Drivers/STM32F4xx_HAL_Driver/Src/stm32f4xx_ll_usb.o
                0x08004350                USB_SetDevSpeed
 .text.USB_GetDevSpeed
                0x08004382       0x4a ./Drivers/STM32F4xx_HAL_Driver/Src/stm32f4xx_ll_usb.o
                0x08004382                USB_GetDevSpeed
 .text.USB_ActivateEndpoint
                0x080043cc      0x10e ./Drivers/STM32F4xx_HAL_Driver/Src/stm32f4xx_ll_usb.o
                0x080043cc                USB_ActivateEndpoint
 *fill*         0x080044da        0x2 
 .text.USB_DeactivateEndpoint
                0x080044dc      0x1b8 ./Drivers/STM32F4xx_HAL_Driver/Src/stm32f4xx_ll_usb.o
                0x080044dc                USB_DeactivateEndpoint
 .text.USB_EPStartXfer
                0x08004694      0x53c ./Drivers/STM32F4xx_HAL_Driver/Src/stm32f4xx_ll_usb.o
                0x08004694                USB_EPStartXfer
 .text.USB_EPStopXfer
                0x08004bd0      0x154 ./Drivers/STM32F4xx_HAL_Driver/Src/stm32f4xx_ll_usb.o
                0x08004bd0                USB_EPStopXfer
 .text.USB_WritePacket
                0x08004d24       0x7c ./Drivers/STM32F4xx_HAL_Driver/Src/stm32f4xx_ll_usb.o
                0x08004d24                USB_WritePacket
 .text.USB_ReadPacket
                0x08004da0       0xb0 ./Drivers/STM32F4xx_HAL_Driver/Src/stm32f4xx_ll_usb.o
                0x08004da0                USB_ReadPacket
 .text.USB_EPSetStall
                0x08004e50       0xdc ./Drivers/STM32F4xx_HAL_Driver/Src/stm32f4xx_ll_usb.o
                0x08004e50                USB_EPSetStall
 .text.USB_EPClearStall
                0x08004f2c       0xcc ./Drivers/STM32F4xx_HAL_Driver/Src/stm32f4xx_ll_usb.o
                0x08004f2c                USB_EPClearStall
 .text.USB_SetDevAddress
                0x08004ff8       0x4c ./Drivers/STM32F4xx_HAL_Driver/Src/stm32f4xx_ll_usb.o
                0x08004ff8                USB_SetDevAddress
 .text.USB_DevConnect
                0x08005044       0x42 ./Drivers/STM32F4xx_HAL_Driver/Src/stm32f4xx_ll_usb.o
                0x08005044                USB_DevConnect
 .text.USB_DevDisconnect
                0x08005086       0x42 ./Drivers/STM32F4xx_HAL_Driver/Src/stm32f4xx_ll_usb.o
                0x08005086                USB_DevDisconnect
 .text.USB_ReadInterrupts
                0x080050c8       0x26 ./Drivers/STM32F4xx_HAL_Driver/Src/stm32f4xx_ll_usb.o
                0x080050c8                USB_ReadInterrupts
 .text.USB_ReadDevAllOutEpInterrupt
                0x080050ee       0x34 ./Drivers/STM32F4xx_HAL_Driver/Src/stm32f4xx_ll_usb.o
                0x080050ee                USB_ReadDevAllOutEpInterrupt
 .text.USB_ReadDevAllInEpInterrupt
                0x08005122       0x34 ./Drivers/STM32F4xx_HAL_Driver/Src/stm32f4xx_ll_usb.o
                0x08005122                USB_ReadDevAllInEpInterrupt
 .text.USB_ReadDevOutEPInterrupt
                0x08005156       0x3c ./Drivers/STM32F4xx_HAL_Driver/Src/stm32f4xx_ll_usb.o
                0x08005156                USB_ReadDevOutEPInterrupt
 .text.USB_ReadDevInEPInterrupt
                0x08005192       0x5c ./Drivers/STM32F4xx_HAL_Driver/Src/stm32f4xx_ll_usb.o
                0x08005192                USB_ReadDevInEPInterrupt
 .text.USB_GetMode
                0x080051ee       0x1c ./Drivers/STM32F4xx_HAL_Driver/Src/stm32f4xx_ll_usb.o
                0x080051ee                USB_GetMode
 .text.USB_ActivateSetup
                0x0800520a       0x46 ./Drivers/STM32F4xx_HAL_Driver/Src/stm32f4xx_ll_usb.o
                0x0800520a                USB_ActivateSetup
 .text.USB_EP0_OutStart
                0x08005250       0xbc ./Drivers/STM32F4xx_HAL_Driver/Src/stm32f4xx_ll_usb.o
                0x08005250                USB_EP0_OutStart
 .text.USB_CoreReset
                0x0800530c       0x70 ./Drivers/STM32F4xx_HAL_Driver/Src/stm32f4xx_ll_usb.o
 .text.USBD_CDC_Init
                0x0800537c      0x1f0 ./Middlewares/ST/STM32_USB_Device_Library/Class/CDC/Src/usbd_cdc.o
 .text.USBD_CDC_DeInit
                0x0800556c      0x104 ./Middlewares/ST/STM32_USB_Device_Library/Class/CDC/Src/usbd_cdc.o
 .text.USBD_CDC_Setup
                0x08005670      0x1b8 ./Middlewares/ST/STM32_USB_Device_Library/Class/CDC/Src/usbd_cdc.o
 .text.USBD_CDC_DataIn
                0x08005828       0xfe ./Middlewares/ST/STM32_USB_Device_Library/Class/CDC/Src/usbd_cdc.o
 .text.USBD_CDC_DataOut
                0x08005926       0x70 ./Middlewares/ST/STM32_USB_Device_Library/Class/CDC/Src/usbd_cdc.o
 .text.USBD_CDC_EP0_RxReady
                0x08005996       0x74 ./Middlewares/ST/STM32_USB_Device_Library/Class/CDC/Src/usbd_cdc.o
 *fill*         0x08005a0a        0x2 
 .text.USBD_CDC_GetFSCfgDesc
                0x08005a0c       0x70 ./Middlewares/ST/STM32_USB_Device_Library/Class/CDC/Src/usbd_cdc.o
 .text.USBD_CDC_GetHSCfgDesc
                0x08005a7c       0x70 ./Middlewares/ST/STM32_USB_Device_Library/Class/CDC/Src/usbd_cdc.o
 .text.USBD_CDC_GetOtherSpeedCfgDesc
                0x08005aec       0x70 ./Middlewares/ST/STM32_USB_Device_Library/Class/CDC/Src/usbd_cdc.o
 .text.USBD_CDC_GetDeviceQualifierDescriptor
                0x08005b5c       0x20 ./Middlewares/ST/STM32_USB_Device_Library/Class/CDC/Src/usbd_cdc.o
                0x08005b5c                USBD_CDC_GetDeviceQualifierDescriptor
 .text.USBD_CDC_RegisterInterface
                0x08005b7c       0x34 ./Middlewares/ST/STM32_USB_Device_Library/Class/CDC/Src/usbd_cdc.o
                0x08005b7c                USBD_CDC_RegisterInterface
 .text.USBD_CDC_SetTxBuffer
                0x08005bb0       0x44 ./Middlewares/ST/STM32_USB_Device_Library/Class/CDC/Src/usbd_cdc.o
                0x08005bb0                USBD_CDC_SetTxBuffer
 .text.USBD_CDC_SetRxBuffer
                0x08005bf4       0x3a ./Middlewares/ST/STM32_USB_Device_Library/Class/CDC/Src/usbd_cdc.o
                0x08005bf4                USBD_CDC_SetRxBuffer
 *fill*         0x08005c2e        0x2 
 .text.USBD_CDC_TransmitPacket
                0x08005c30       0x80 ./Middlewares/ST/STM32_USB_Device_Library/Class/CDC/Src/usbd_cdc.o
                0x08005c30                USBD_CDC_TransmitPacket
 .text.USBD_CDC_ReceivePacket
                0x08005cb0       0x6c ./Middlewares/ST/STM32_USB_Device_Library/Class/CDC/Src/usbd_cdc.o
                0x08005cb0                USBD_CDC_ReceivePacket
 .text.USBD_Init
                0x08005d1c       0x60 ./Middlewares/ST/STM32_USB_Device_Library/Core/Src/usbd_core.o
                0x08005d1c                USBD_Init
 .text.USBD_RegisterClass
                0x08005d7c       0x6c ./Middlewares/ST/STM32_USB_Device_Library/Core/Src/usbd_core.o
                0x08005d7c                USBD_RegisterClass
 .text.USBD_Start
                0x08005de8       0x18 ./Middlewares/ST/STM32_USB_Device_Library/Core/Src/usbd_core.o
                0x08005de8                USBD_Start
 .text.USBD_RunTestMode
                0x08005e00       0x16 ./Middlewares/ST/STM32_USB_Device_Library/Core/Src/usbd_core.o
                0x08005e00                USBD_RunTestMode
 .text.USBD_SetClassConfig
                0x08005e16       0x38 ./Middlewares/ST/STM32_USB_Device_Library/Core/Src/usbd_core.o
                0x08005e16                USBD_SetClassConfig
 .text.USBD_ClrClassConfig
                0x08005e4e       0x34 ./Middlewares/ST/STM32_USB_Device_Library/Core/Src/usbd_core.o
                0x08005e4e                USBD_ClrClassConfig
 .text.USBD_LL_SetupStage
                0x08005e82       0xaa ./Middlewares/ST/STM32_USB_Device_Library/Core/Src/usbd_core.o
                0x08005e82                USBD_LL_SetupStage
 .text.USBD_LL_DataOutStage
                0x08005f2c      0x178 ./Middlewares/ST/STM32_USB_Device_Library/Core/Src/usbd_core.o
                0x08005f2c                USBD_LL_DataOutStage
 .text.USBD_LL_DataInStage
                0x080060a4      0x176 ./Middlewares/ST/STM32_USB_Device_Library/Core/Src/usbd_core.o
                0x080060a4                USBD_LL_DataInStage
 .text.USBD_LL_Reset
                0x0800621a       0xa6 ./Middlewares/ST/STM32_USB_Device_Library/Core/Src/usbd_core.o
                0x0800621a                USBD_LL_Reset
 .text.USBD_LL_SetSpeed
                0x080062c0       0x20 ./Middlewares/ST/STM32_USB_Device_Library/Core/Src/usbd_core.o
                0x080062c0                USBD_LL_SetSpeed
 .text.USBD_LL_Suspend
                0x080062e0       0x38 ./Middlewares/ST/STM32_USB_Device_Library/Core/Src/usbd_core.o
                0x080062e0                USBD_LL_Suspend
 .text.USBD_LL_Resume
                0x08006318       0x30 ./Middlewares/ST/STM32_USB_Device_Library/Core/Src/usbd_core.o
                0x08006318                USBD_LL_Resume
 .text.USBD_LL_SOF
                0x08006348       0x40 ./Middlewares/ST/STM32_USB_Device_Library/Core/Src/usbd_core.o
                0x08006348                USBD_LL_SOF
 .text.USBD_LL_IsoINIncomplete
                0x08006388       0x64 ./Middlewares/ST/STM32_USB_Device_Library/Core/Src/usbd_core.o
                0x08006388                USBD_LL_IsoINIncomplete
 .text.USBD_LL_IsoOUTIncomplete
                0x080063ec       0x64 ./Middlewares/ST/STM32_USB_Device_Library/Core/Src/usbd_core.o
                0x080063ec                USBD_LL_IsoOUTIncomplete
 .text.USBD_LL_DevConnected
                0x08006450       0x16 ./Middlewares/ST/STM32_USB_Device_Library/Core/Src/usbd_core.o
                0x08006450                USBD_LL_DevConnected
 .text.USBD_LL_DevDisconnected
                0x08006466       0x46 ./Middlewares/ST/STM32_USB_Device_Library/Core/Src/usbd_core.o
                0x08006466                USBD_LL_DevDisconnected
 .text.USBD_CoreFindIF
                0x080064ac       0x1a ./Middlewares/ST/STM32_USB_Device_Library/Core/Src/usbd_core.o
                0x080064ac                USBD_CoreFindIF
 .text.USBD_CoreFindEP
                0x080064c6       0x1a ./Middlewares/ST/STM32_USB_Device_Library/Core/Src/usbd_core.o
                0x080064c6                USBD_CoreFindEP
 .text.USBD_GetEpDesc
                0x080064e0       0x70 ./Middlewares/ST/STM32_USB_Device_Library/Core/Src/usbd_core.o
                0x080064e0                USBD_GetEpDesc
 .text.USBD_GetNextDesc
                0x08006550       0x38 ./Middlewares/ST/STM32_USB_Device_Library/Core/Src/usbd_core.o
                0x08006550                USBD_GetNextDesc
 .text.SWAPBYTE
                0x08006588       0x3e ./Middlewares/ST/STM32_USB_Device_Library/Core/Src/usbd_ctlreq.o
 *fill*         0x080065c6        0x2 
 .text.USBD_StdDevReq
                0x080065c8       0xe4 ./Middlewares/ST/STM32_USB_Device_Library/Core/Src/usbd_ctlreq.o
                0x080065c8                USBD_StdDevReq
 .text.USBD_StdItfReq
                0x080066ac       0xd8 ./Middlewares/ST/STM32_USB_Device_Library/Core/Src/usbd_ctlreq.o
                0x080066ac                USBD_StdItfReq
 .text.USBD_StdEPReq
                0x08006784      0x33e ./Middlewares/ST/STM32_USB_Device_Library/Core/Src/usbd_ctlreq.o
                0x08006784                USBD_StdEPReq
 *fill*         0x08006ac2        0x2 
 .text.USBD_GetDescriptor
                0x08006ac4      0x2d4 ./Middlewares/ST/STM32_USB_Device_Library/Core/Src/usbd_ctlreq.o
 .text.USBD_SetAddress
                0x08006d98       0x88 ./Middlewares/ST/STM32_USB_Device_Library/Core/Src/usbd_ctlreq.o
 .text.USBD_SetConfig
                0x08006e20      0x154 ./Middlewares/ST/STM32_USB_Device_Library/Core/Src/usbd_ctlreq.o
 .text.USBD_GetConfig
                0x08006f74       0x6c ./Middlewares/ST/STM32_USB_Device_Library/Core/Src/usbd_ctlreq.o
 .text.USBD_GetStatus
                0x08006fe0       0x68 ./Middlewares/ST/STM32_USB_Device_Library/Core/Src/usbd_ctlreq.o
 .text.USBD_SetFeature
                0x08007048       0x52 ./Middlewares/ST/STM32_USB_Device_Library/Core/Src/usbd_ctlreq.o
 .text.USBD_ClrFeature
                0x0800709a       0x44 ./Middlewares/ST/STM32_USB_Device_Library/Core/Src/usbd_ctlreq.o
 .text.USBD_ParseSetupRequest
                0x080070de       0x74 ./Middlewares/ST/STM32_USB_Device_Library/Core/Src/usbd_ctlreq.o
                0x080070de                USBD_ParseSetupRequest
 .text.USBD_CtlError
                0x08007152       0x22 ./Middlewares/ST/STM32_USB_Device_Library/Core/Src/usbd_ctlreq.o
                0x08007152                USBD_CtlError
 .text.USBD_GetString
                0x08007174       0xa4 ./Middlewares/ST/STM32_USB_Device_Library/Core/Src/usbd_ctlreq.o
                0x08007174                USBD_GetString
 .text.USBD_GetLen
                0x08007218       0x34 ./Middlewares/ST/STM32_USB_Device_Library/Core/Src/usbd_ctlreq.o
 .text.USBD_CtlSendData
                0x0800724c       0x3c ./Middlewares/ST/STM32_USB_Device_Library/Core/Src/usbd_ioreq.o
                0x0800724c                USBD_CtlSendData
 .text.USBD_CtlContinueSendData
                0x08007288       0x22 ./Middlewares/ST/STM32_USB_Device_Library/Core/Src/usbd_ioreq.o
                0x08007288                USBD_CtlContinueSendData
 .text.USBD_CtlPrepareRx
                0x080072aa       0x42 ./Middlewares/ST/STM32_USB_Device_Library/Core/Src/usbd_ioreq.o
                0x080072aa                USBD_CtlPrepareRx
 .text.USBD_CtlContinueRx
                0x080072ec       0x22 ./Middlewares/ST/STM32_USB_Device_Library/Core/Src/usbd_ioreq.o
                0x080072ec                USBD_CtlContinueRx
 .text.USBD_CtlSendStatus
                0x0800730e       0x26 ./Middlewares/ST/STM32_USB_Device_Library/Core/Src/usbd_ioreq.o
                0x0800730e                USBD_CtlSendStatus
 .text.USBD_CtlReceiveStatus
                0x08007334       0x26 ./Middlewares/ST/STM32_USB_Device_Library/Core/Src/usbd_ioreq.o
                0x08007334                USBD_CtlReceiveStatus
 .text.vListInitialise
                0x0800735a       0x40 ./Middlewares/Third_Party/FreeRTOS/Source/list.o
                0x0800735a                vListInitialise
 .text.vListInitialiseItem
                0x0800739a       0x1a ./Middlewares/Third_Party/FreeRTOS/Source/list.o
                0x0800739a                vListInitialiseItem
 .text.vListInsertEnd
                0x080073b4       0x48 ./Middlewares/Third_Party/FreeRTOS/Source/list.o
                0x080073b4                vListInsertEnd
 .text.vListInsert
                0x080073fc       0x72 ./Middlewares/Third_Party/FreeRTOS/Source/list.o
                0x080073fc                vListInsert
 .text.uxListRemove
                0x0800746e       0x54 ./Middlewares/Third_Party/FreeRTOS/Source/list.o
                0x0800746e                uxListRemove
 *fill*         0x080074c2        0x2 
 .text.xQueueGenericReset
                0x080074c4       0xd4 ./Middlewares/Third_Party/FreeRTOS/Source/queue.o
                0x080074c4                xQueueGenericReset
 .text.xQueueGenericCreate
                0x08007598       0x76 ./Middlewares/Third_Party/FreeRTOS/Source/queue.o
                0x08007598                xQueueGenericCreate
 .text.prvInitialiseNewQueue
                0x0800760e       0x3e ./Middlewares/Third_Party/FreeRTOS/Source/queue.o
 .text.xQueueGiveFromISR
                0x0800764c      0x120 ./Middlewares/Third_Party/FreeRTOS/Source/queue.o
                0x0800764c                xQueueGiveFromISR
 .text.xQueueSemaphoreTake
                0x0800776c      0x220 ./Middlewares/Third_Party/FreeRTOS/Source/queue.o
                0x0800776c                xQueueSemaphoreTake
 .text.prvGetDisinheritPriorityAfterTimeout
                0x0800798c       0x30 ./Middlewares/Third_Party/FreeRTOS/Source/queue.o
 .text.prvUnlockQueue
                0x080079bc       0xa4 ./Middlewares/Third_Party/FreeRTOS/Source/queue.o
 .text.prvIsQueueEmpty
                0x08007a60       0x2c ./Middlewares/Third_Party/FreeRTOS/Source/queue.o
 .text.xTaskCreateStatic
                0x08007a8c       0xc0 ./Middlewares/Third_Party/FreeRTOS/Source/tasks.o
                0x08007a8c                xTaskCreateStatic
 .text.xTaskCreate
                0x08007b4c       0x8a ./Middlewares/Third_Party/FreeRTOS/Source/tasks.o
                0x08007b4c                xTaskCreate
 .text.prvInitialiseNewTask
                0x08007bd6      0x110 ./Middlewares/Third_Party/FreeRTOS/Source/tasks.o
 *fill*         0x08007ce6        0x2 
 .text.prvAddNewTaskToReadyList
                0x08007ce8       0xd4 ./Middlewares/Third_Party/FreeRTOS/Source/tasks.o
 .text.vTaskStartScheduler
                0x08007dbc       0xc4 ./Middlewares/Third_Party/FreeRTOS/Source/tasks.o
                0x08007dbc                vTaskStartScheduler
 .text.vTaskSuspendAll
                0x08007e80       0x1c ./Middlewares/Third_Party/FreeRTOS/Source/tasks.o
                0x08007e80                vTaskSuspendAll
 .text.xTaskResumeAll
                0x08007e9c      0x13c ./Middlewares/Third_Party/FreeRTOS/Source/tasks.o
                0x08007e9c                xTaskResumeAll
 .text.xTaskIncrementTick
                0x08007fd8      0x174 ./Middlewares/Third_Party/FreeRTOS/Source/tasks.o
                0x08007fd8                xTaskIncrementTick
 .text.vTaskSwitchContext
                0x0800814c       0xb8 ./Middlewares/Third_Party/FreeRTOS/Source/tasks.o
                0x0800814c                vTaskSwitchContext
 .text.vTaskPlaceOnEventList
                0x08008204       0x4c ./Middlewares/Third_Party/FreeRTOS/Source/tasks.o
                0x08008204                vTaskPlaceOnEventList
 .text.xTaskRemoveFromEventList
                0x08008250       0xc8 ./Middlewares/Third_Party/FreeRTOS/Source/tasks.o
                0x08008250                xTaskRemoveFromEventList
 .text.vTaskInternalSetTimeOutState
                0x08008318       0x2c ./Middlewares/Third_Party/FreeRTOS/Source/tasks.o
                0x08008318                vTaskInternalSetTimeOutState
 .text.xTaskCheckForTimeOut
                0x08008344       0xc8 ./Middlewares/Third_Party/FreeRTOS/Source/tasks.o
                0x08008344                xTaskCheckForTimeOut
 .text.vTaskMissedYield
                0x0800840c       0x18 ./Middlewares/Third_Party/FreeRTOS/Source/tasks.o
                0x0800840c                vTaskMissedYield
 .text.prvIdleTask
                0x08008424       0x30 ./Middlewares/Third_Party/FreeRTOS/Source/tasks.o
 .text.prvInitialiseTaskLists
                0x08008454       0x80 ./Middlewares/Third_Party/FreeRTOS/Source/tasks.o
 .text.prvCheckTasksWaitingTermination
                0x080084d4       0x5c ./Middlewares/Third_Party/FreeRTOS/Source/tasks.o
 .text.prvDeleteTCB
                0x08008530       0x60 ./Middlewares/Third_Party/FreeRTOS/Source/tasks.o
 .text.prvResetNextTaskUnblockTime
                0x08008590       0x40 ./Middlewares/Third_Party/FreeRTOS/Source/tasks.o
 .text.xTaskGetSchedulerState
                0x080085d0       0x3c ./Middlewares/Third_Party/FreeRTOS/Source/tasks.o
                0x080085d0                xTaskGetSchedulerState
 .text.xTaskPriorityInherit
                0x0800860c       0xec ./Middlewares/Third_Party/FreeRTOS/Source/tasks.o
                0x0800860c                xTaskPriorityInherit
 .text.vTaskPriorityDisinheritAfterTimeout
                0x080086f8      0x120 ./Middlewares/Third_Party/FreeRTOS/Source/tasks.o
                0x080086f8                vTaskPriorityDisinheritAfterTimeout
 .text.pvTaskIncrementMutexHeldCount
                0x08008818       0x28 ./Middlewares/Third_Party/FreeRTOS/Source/tasks.o
                0x08008818                pvTaskIncrementMutexHeldCount
 .text.prvAddCurrentTaskToDelayedList
                0x08008840       0xcc ./Middlewares/Third_Party/FreeRTOS/Source/tasks.o
 .text.pxPortInitialiseStack
                0x0800890c       0x68 ./Middlewares/Third_Party/FreeRTOS/Source/portable/GCC/ARM_CM4F/port.o
                0x0800890c                pxPortInitialiseStack
 .text.prvTaskExitError
                0x08008974       0x5c ./Middlewares/Third_Party/FreeRTOS/Source/portable/GCC/ARM_CM4F/port.o
 .text.SVC_Handler
                0x080089d0       0x28 ./Middlewares/Third_Party/FreeRTOS/Source/portable/GCC/ARM_CM4F/port.o
                0x080089d0                SVC_Handler
 .text.prvPortStartFirstTask
                0x080089f8       0x28 ./Middlewares/Third_Party/FreeRTOS/Source/portable/GCC/ARM_CM4F/port.o
 .text.xPortStartScheduler
                0x08008a20      0x148 ./Middlewares/Third_Party/FreeRTOS/Source/portable/GCC/ARM_CM4F/port.o
                0x08008a20                xPortStartScheduler
 .text.vPortEnterCritical
                0x08008b68       0x64 ./Middlewares/Third_Party/FreeRTOS/Source/portable/GCC/ARM_CM4F/port.o
                0x08008b68                vPortEnterCritical
 .text.vPortExitCritical
                0x08008bcc       0x54 ./Middlewares/Third_Party/FreeRTOS/Source/portable/GCC/ARM_CM4F/port.o
                0x08008bcc                vPortExitCritical
 .text.PendSV_Handler
                0x08008c20       0x68 ./Middlewares/Third_Party/FreeRTOS/Source/portable/GCC/ARM_CM4F/port.o
                0x08008c20                PendSV_Handler
 .text.SysTick_Handler
                0x08008c88       0x44 ./Middlewares/Third_Party/FreeRTOS/Source/portable/GCC/ARM_CM4F/port.o
                0x08008c88                SysTick_Handler
 .text.vPortSetupTimerInterrupt
                0x08008ccc       0x48 ./Middlewares/Third_Party/FreeRTOS/Source/portable/GCC/ARM_CM4F/port.o
                0x08008ccc                vPortSetupTimerInterrupt
 .text.vPortEnableVFP
                0x08008d14       0x14 ./Middlewares/Third_Party/FreeRTOS/Source/portable/GCC/ARM_CM4F/port.o
 .text.vPortValidateInterruptPriority
                0x08008d28       0x84 ./Middlewares/Third_Party/FreeRTOS/Source/portable/GCC/ARM_CM4F/port.o
                0x08008d28                vPortValidateInterruptPriority
 .text.pvPortMalloc
                0x08008dac      0x19c ./Middlewares/Third_Party/FreeRTOS/Source/portable/MemMang/heap_4.o
                0x08008dac                pvPortMalloc
 .text.vPortFree
                0x08008f48       0xc8 ./Middlewares/Third_Party/FreeRTOS/Source/portable/MemMang/heap_4.o
                0x08008f48                vPortFree
 .text.prvHeapInit
                0x08009010       0xc4 ./Middlewares/Third_Party/FreeRTOS/Source/portable/MemMang/heap_4.o
 .text.prvInsertBlockIntoFreeList
                0x080090d4       0xb4 ./Middlewares/Third_Party/FreeRTOS/Source/portable/MemMang/heap_4.o
 .text.MX_USB_DEVICE_Init
                0x08009188       0x60 ./USB_DEVICE/App/usb_device.o
                0x08009188                MX_USB_DEVICE_Init
 .text.CDC_Init_FS
                0x080091e8       0x28 ./USB_DEVICE/App/usbd_cdc_if.o
 .text.CDC_DeInit_FS
                0x08009210       0x10 ./USB_DEVICE/App/usbd_cdc_if.o
 .text.CDC_Control_FS
                0x08009220       0xbc ./USB_DEVICE/App/usbd_cdc_if.o
 .text.CDC_Receive_FS
                0x080092dc       0x28 ./USB_DEVICE/App/usbd_cdc_if.o
 .text.CDC_Transmit_FS
                0x08009304       0x4c ./USB_DEVICE/App/usbd_cdc_if.o
                0x08009304                CDC_Transmit_FS
 .text.CDC_TransmitCplt_FS
                0x08009350       0x22 ./USB_DEVICE/App/usbd_cdc_if.o
 *fill*         0x08009372        0x2 
 .text.USBD_FS_DeviceDescriptor
                0x08009374       0x24 ./USB_DEVICE/App/usbd_desc.o
                0x08009374                USBD_FS_DeviceDescriptor
 .text.USBD_FS_LangIDStrDescriptor
                0x08009398       0x24 ./USB_DEVICE/App/usbd_desc.o
                0x08009398                USBD_FS_LangIDStrDescriptor
 .text.USBD_FS_ProductStrDescriptor
                0x080093bc       0x3c ./USB_DEVICE/App/usbd_desc.o
                0x080093bc                USBD_FS_ProductStrDescriptor
 .text.USBD_FS_ManufacturerStrDescriptor
                0x080093f8       0x28 ./USB_DEVICE/App/usbd_desc.o
                0x080093f8                USBD_FS_ManufacturerStrDescriptor
 .text.USBD_FS_SerialStrDescriptor
                0x08009420       0x24 ./USB_DEVICE/App/usbd_desc.o
                0x08009420                USBD_FS_SerialStrDescriptor
 .text.USBD_FS_ConfigStrDescriptor
                0x08009444       0x3c ./USB_DEVICE/App/usbd_desc.o
                0x08009444                USBD_FS_ConfigStrDescriptor
 .text.USBD_FS_InterfaceStrDescriptor
                0x08009480       0x3c ./USB_DEVICE/App/usbd_desc.o
                0x08009480                USBD_FS_InterfaceStrDescriptor
 .text.Get_SerialNum
                0x080094bc       0x58 ./USB_DEVICE/App/usbd_desc.o
 .text.IntToUnicode
                0x08009514       0x7e ./USB_DEVICE/App/usbd_desc.o
 *fill*         0x08009592        0x2 
 .text.HAL_PCD_MspInit
                0x08009594       0xa8 ./USB_DEVICE/Target/usbd_conf.o
                0x08009594                HAL_PCD_MspInit
 .text.HAL_PCD_SetupStageCallback
                0x0800963c       0x24 ./USB_DEVICE/Target/usbd_conf.o
                0x0800963c                HAL_PCD_SetupStageCallback
 .text.HAL_PCD_DataOutStageCallback
                0x08009660       0x36 ./USB_DEVICE/Target/usbd_conf.o
                0x08009660                HAL_PCD_DataOutStageCallback
 .text.HAL_PCD_DataInStageCallback
                0x08009696       0x34 ./USB_DEVICE/Target/usbd_conf.o
                0x08009696                HAL_PCD_DataInStageCallback
 .text.HAL_PCD_SOFCallback
                0x080096ca       0x1c ./USB_DEVICE/Target/usbd_conf.o
                0x080096ca                HAL_PCD_SOFCallback
 .text.HAL_PCD_ResetCallback
                0x080096e6       0x50 ./USB_DEVICE/Target/usbd_conf.o
                0x080096e6                HAL_PCD_ResetCallback
 *fill*         0x08009736        0x2 
 .text.HAL_PCD_SuspendCallback
                0x08009738       0x4c ./USB_DEVICE/Target/usbd_conf.o
                0x08009738                HAL_PCD_SuspendCallback
 .text.HAL_PCD_ResumeCallback
                0x08009784       0x1c ./USB_DEVICE/Target/usbd_conf.o
                0x08009784                HAL_PCD_ResumeCallback
 .text.HAL_PCD_ISOOUTIncompleteCallback
                0x080097a0       0x24 ./USB_DEVICE/Target/usbd_conf.o
                0x080097a0                HAL_PCD_ISOOUTIncompleteCallback
 .text.HAL_PCD_ISOINIncompleteCallback
                0x080097c4       0x24 ./USB_DEVICE/Target/usbd_conf.o
                0x080097c4                HAL_PCD_ISOINIncompleteCallback
 .text.HAL_PCD_ConnectCallback
                0x080097e8       0x1c ./USB_DEVICE/Target/usbd_conf.o
                0x080097e8                HAL_PCD_ConnectCallback
 .text.HAL_PCD_DisconnectCallback
                0x08009804       0x1c ./USB_DEVICE/Target/usbd_conf.o
                0x08009804                HAL_PCD_DisconnectCallback
 .text.USBD_LL_Init
                0x08009820       0x98 ./USB_DEVICE/Target/usbd_conf.o
                0x08009820                USBD_LL_Init
 .text.USBD_LL_Start
                0x080098b8       0x36 ./USB_DEVICE/Target/usbd_conf.o
                0x080098b8                USBD_LL_Start
 .text.USBD_LL_OpenEP
                0x080098ee       0x4c ./USB_DEVICE/Target/usbd_conf.o
                0x080098ee                USBD_LL_OpenEP
 .text.USBD_LL_CloseEP
                0x0800993a       0x3e ./USB_DEVICE/Target/usbd_conf.o
                0x0800993a                USBD_LL_CloseEP
 .text.USBD_LL_StallEP
                0x08009978       0x3e ./USB_DEVICE/Target/usbd_conf.o
                0x08009978                USBD_LL_StallEP
 .text.USBD_LL_ClearStallEP
                0x080099b6       0x3e ./USB_DEVICE/Target/usbd_conf.o
                0x080099b6                USBD_LL_ClearStallEP
 .text.USBD_LL_IsStallEP
                0x080099f4       0x58 ./USB_DEVICE/Target/usbd_conf.o
                0x080099f4                USBD_LL_IsStallEP
 .text.USBD_LL_SetUSBAddress
                0x08009a4c       0x3e ./USB_DEVICE/Target/usbd_conf.o
                0x08009a4c                USBD_LL_SetUSBAddress
 .text.USBD_LL_Transmit
                0x08009a8a       0x42 ./USB_DEVICE/Target/usbd_conf.o
                0x08009a8a                USBD_LL_Transmit
 .text.USBD_LL_PrepareReceive
                0x08009acc       0x42 ./USB_DEVICE/Target/usbd_conf.o
                0x08009acc                USBD_LL_PrepareReceive
 .text.USBD_LL_GetRxDataSize
                0x08009b0e       0x26 ./USB_DEVICE/Target/usbd_conf.o
                0x08009b0e                USBD_LL_GetRxDataSize
 .text.USBD_static_malloc
                0x08009b34       0x1c ./USB_DEVICE/Target/usbd_conf.o
                0x08009b34                USBD_static_malloc
 .text.USBD_static_free
                0x08009b50       0x14 ./USB_DEVICE/Target/usbd_conf.o
                0x08009b50                USBD_static_free
 .text.USBD_Get_USB_Status
                0x08009b64       0x58 ./USB_DEVICE/Target/usbd_conf.o
                0x08009b64                USBD_Get_USB_Status
 .text.memset   0x08009bbc       0x10 C:/ST/STM32CubeIDE_2.0.0/STM32CubeIDE/plugins/com.st.stm32cube.ide.mcu.externaltools.gnu-tools-for-stm32.13.3.rel1.win32_1.0.100.202509120712/tools/bin/../lib/gcc/arm-none-eabi/13.3.1/../../../../arm-none-eabi/lib/thumb/v7e-m+fp/hard\libc_nano.a(libc_a-memset.o)
                0x08009bbc                memset
 .text.__libc_init_array
                0x08009bcc       0x48 C:/ST/STM32CubeIDE_2.0.0/STM32CubeIDE/plugins/com.st.stm32cube.ide.mcu.externaltools.gnu-tools-for-stm32.13.3.rel1.win32_1.0.100.202509120712/tools/bin/../lib/gcc/arm-none-eabi/13.3.1/../../../../arm-none-eabi/lib/thumb/v7e-m+fp/hard\libc_nano.a(libc_a-init.o)
                0x08009bcc                __libc_init_array
 *(.glue_7)
 .glue_7        0x08009c14        0x0 linker stubs
 *(.glue_7t)
 .glue_7t       0x08009c14        0x0 linker stubs
 *(.eh_frame)
 .eh_frame      0x08009c14        0x0 C:/ST/STM32CubeIDE_2.0.0/STM32CubeIDE/plugins/com.st.stm32cube.ide.mcu.externaltools.gnu-tools-for-stm32.13.3.rel1.win32_1.0.100.202509120712/tools/bin/../lib/gcc/arm-none-eabi/13.3.1/thumb/v7e-m+fp/hard/crtbegin.o
 *(.init)
 .init          0x08009c14        0x4 C:/ST/STM32CubeIDE_2.0.0/STM32CubeIDE/plugins/com.st.stm32cube.ide.mcu.externaltools.gnu-tools-for-stm32.13.3.rel1.win32_1.0.100.202509120712/tools/bin/../lib/gcc/arm-none-eabi/13.3.1/thumb/v7e-m+fp/hard/crti.o
                0x08009c14                _init
 .init          0x08009c18        0x8 C:/ST/STM32CubeIDE_2.0.0/STM32CubeIDE/plugins/com.st.stm32cube.ide.mcu.externaltools.gnu-tools-for-stm32.13.3.rel1.win32_1.0.100.202509120712/tools/bin/../lib/gcc/arm-none-eabi/13.3.1/thumb/v7e-m+fp/hard/crtn.o
 *(.fini)
 .fini          0x08009c20        0x4 C:/ST/STM32CubeIDE_2.0.0/STM32CubeIDE/plugins/com.st.stm32cube.ide.mcu.externaltools.gnu-tools-for-stm32.13.3.rel1.win32_1.0.100.202509120712/tools/bin/../lib/gcc/arm-none-eabi/13.3.1/thumb/v7e-m+fp/hard/crti.o
                0x08009c20                _fini
 .fini          0x08009c24        0x8 C:/ST/STM32CubeIDE_2.0.0/STM32CubeIDE/plugins/com.st.stm32cube.ide.mcu.externaltools.gnu-tools-for-stm32.13.3.rel1.win32_1.0.100.202509120712/tools/bin/../lib/gcc/arm-none-eabi/13.3.1/thumb/v7e-m+fp/hard/crtn.o
                0x08009c2c                        . = ALIGN (0x4)
                0x08009c2c                        _etext = .

.vfp11_veneer   0x08009c2c        0x0
 .vfp11_veneer  0x08009c2c        0x0 linker stubs

.v4_bx          0x08009c2c        0x0
 .v4_bx         0x08009c2c        0x0 linker stubs

.iplt           0x08009c2c        0x0
 .iplt          0x08009c2c        0x0 C:/ST/STM32CubeIDE_2.0.0/STM32CubeIDE/plugins/com.st.stm32cube.ide.mcu.externaltools.gnu-tools-for-stm32.13.3.rel1.win32_1.0.100.202509120712/tools/bin/../lib/gcc/arm-none-eabi/13.3.1/thumb/v7e-m+fp/hard/crtbegin.o

.rodata         0x08009c2c       0x78
                0x08009c2c                        . = ALIGN (0x4)
 *(.rodata)
 .rodata        0x08009c2c        0xe ./Core/Src/main.o
 *fill*         0x08009c3a        0x2 
 .rodata        0x08009c3c        0x5 ./Middlewares/Third_Party/FreeRTOS/Source/tasks.o
 *fill*         0x08009c41        0x3 
 .rodata        0x08009c44       0x46 ./USB_DEVICE/App/usbd_desc.o
 *(.rodata*)
 *fill*         0x08009c8a        0x2 
 .rodata.AHBPrescTable
                0x08009c8c       0x10 ./Core/Src/system_stm32f4xx.o
                0x08009c8c                AHBPrescTable
 .rodata.APBPrescTable
                0x08009c9c        0x8 ./Core/Src/system_stm32f4xx.o
                0x08009c9c                APBPrescTable
                0x08009ca4                        . = ALIGN (0x4)

.ARM.extab      0x08009ca4        0x0
                0x08009ca4                        . = ALIGN (0x4)
 *(.ARM.extab* .gnu.linkonce.armextab.*)
                0x08009ca4                        . = ALIGN (0x4)

.ARM            0x08009ca4        0x8
                0x08009ca4                        . = ALIGN (0x4)
                0x08009ca4                        __exidx_start = .
 *(.ARM.exidx*)
 .ARM.exidx     0x08009ca4        0x8 C:/ST/STM32CubeIDE_2.0.0/STM32CubeIDE/plugins/com.st.stm32cube.ide.mcu.externaltools.gnu-tools-for-stm32.13.3.rel1.win32_1.0.100.202509120712/tools/bin/../lib/gcc/arm-none-eabi/13.3.1/thumb/v7e-m+fp/hard\libgcc.a(_udivmoddi4.o)
                0x08009cac                        __exidx_end = .
                0x08009cac                        . = ALIGN (0x4)

.preinit_array  0x08009cac        0x0
                0x08009cac                        . = ALIGN (0x4)
                0x08009cac                        PROVIDE (__preinit_array_start = .)
 *(.preinit_array*)
                0x08009cac                        PROVIDE (__preinit_array_end = .)
                0x08009cac                        . = ALIGN (0x4)

.init_array     0x08009cac        0x4
                0x08009cac                        . = ALIGN (0x4)
                0x08009cac                        PROVIDE (__init_array_start = .)
 *(SORT_BY_NAME(.init_array.*))
 *(.init_array*)
 .init_array    0x08009cac        0x4 C:/ST/STM32CubeIDE_2.0.0/STM32CubeIDE/plugins/com.st.stm32cube.ide.mcu.externaltools.gnu-tools-for-stm32.13.3.rel1.win32_1.0.100.202509120712/tools/bin/../lib/gcc/arm-none-eabi/13.3.1/thumb/v7e-m+fp/hard/crtbegin.o
                0x08009cb0                        PROVIDE (__init_array_end = .)
                0x08009cb0                        . = ALIGN (0x4)

.fini_array     0x08009cb0        0x4
                0x08009cb0                        . = ALIGN (0x4)
                [!provide]                        PROVIDE (__fini_array_start = .)
 *(SORT_BY_NAME(.fini_array.*))
 *(.fini_array*)
 .fini_array    0x08009cb0        0x4 C:/ST/STM32CubeIDE_2.0.0/STM32CubeIDE/plugins/com.st.stm32cube.ide.mcu.externaltools.gnu-tools-for-stm32.13.3.rel1.win32_1.0.100.202509120712/tools/bin/../lib/gcc/arm-none-eabi/13.3.1/thumb/v7e-m+fp/hard/crtbegin.o
                [!provide]                        PROVIDE (__fini_array_end = .)
                0x08009cb4                        . = ALIGN (0x4)
                0x08009cb4                        _sidata = LOADADDR (.data)

.rel.dyn        0x08009cb4        0x0
 .rel.iplt      0x08009cb4        0x0 C:/ST/STM32CubeIDE_2.0.0/STM32CubeIDE/plugins/com.st.stm32cube.ide.mcu.externaltools.gnu-tools-for-stm32.13.3.rel1.win32_1.0.100.202509120712/tools/bin/../lib/gcc/arm-none-eabi/13.3.1/thumb/v7e-m+fp/hard/crtbegin.o

.data           0x20000000      0x100 load address 0x08009cb4
                0x20000000                        . = ALIGN (0x4)
                0x20000000                        _sdata = .
 *(.data)
 *(.data*)
 .data.SystemCoreClock
                0x20000000        0x4 ./Core/Src/system_stm32f4xx.o
                0x20000000                SystemCoreClock
 .data.uwTickPrio
                0x20000004        0x4 ./Drivers/STM32F4xx_HAL_Driver/Src/stm32f4xx_hal.o
                0x20000004                uwTickPrio
 .data.uwTickFreq
                0x20000008        0x1 ./Drivers/STM32F4xx_HAL_Driver/Src/stm32f4xx_hal.o
                0x20000008                uwTickFreq
 *fill*         0x20000009        0x3 
 .data.USBD_CDC_DeviceQualifierDesc
                0x2000000c        0xa ./Middlewares/ST/STM32_USB_Device_Library/Class/CDC/Src/usbd_cdc.o
 *fill*         0x20000016        0x2 
 .data.USBD_CDC
                0x20000018       0x38 ./Middlewares/ST/STM32_USB_Device_Library/Class/CDC/Src/usbd_cdc.o
                0x20000018                USBD_CDC
 .data.USBD_CDC_CfgDesc
                0x20000050       0x43 ./Middlewares/ST/STM32_USB_Device_Library/Class/CDC/Src/usbd_cdc.o
 .data.CDCInEpAdd
                0x20000093        0x1 ./Middlewares/ST/STM32_USB_Device_Library/Class/CDC/Src/usbd_cdc.o
 .data.CDCOutEpAdd
                0x20000094        0x1 ./Middlewares/ST/STM32_USB_Device_Library/Class/CDC/Src/usbd_cdc.o
 .data.CDCCmdEpAdd
                0x20000095        0x1 ./Middlewares/ST/STM32_USB_Device_Library/Class/CDC/Src/usbd_cdc.o
 *fill*         0x20000096        0x2 
 .data.uxCriticalNesting
                0x20000098        0x4 ./Middlewares/Third_Party/FreeRTOS/Source/portable/GCC/ARM_CM4F/port.o
 .data.USBD_Interface_fops_FS
                0x2000009c       0x14 ./USB_DEVICE/App/usbd_cdc_if.o
                0x2000009c                USBD_Interface_fops_FS
 .data.FS_Desc  0x200000b0       0x1c ./USB_DEVICE/App/usbd_desc.o
                0x200000b0                FS_Desc
 .data.USBD_FS_DeviceDesc
                0x200000cc       0x12 ./USB_DEVICE/App/usbd_desc.o
                0x200000cc                USBD_FS_DeviceDesc
 *fill*         0x200000de        0x2 
 .data.USBD_LangIDDesc
                0x200000e0        0x4 ./USB_DEVICE/App/usbd_desc.o
                0x200000e0                USBD_LangIDDesc
 .data.USBD_StringSerial
                0x200000e4       0x1a ./USB_DEVICE/App/usbd_desc.o
                0x200000e4                USBD_StringSerial
 *(.RamFunc)
 *(.RamFunc*)
                0x20000100                        . = ALIGN (0x4)
 *fill*         0x200000fe        0x2 
                0x20000100                        _edata = .
                0x08009db4                        _siccmram = LOADADDR (.ccmram)

.igot.plt       0x20000100        0x0 load address 0x08009db4
 .igot.plt      0x20000100        0x0 C:/ST/STM32CubeIDE_2.0.0/STM32CubeIDE/plugins/com.st.stm32cube.ide.mcu.externaltools.gnu-tools-for-stm32.13.3.rel1.win32_1.0.100.202509120712/tools/bin/../lib/gcc/arm-none-eabi/13.3.1/thumb/v7e-m+fp/hard/crtbegin.o

.ccmram         0x10000000        0x0 load address 0x08009db4
                0x10000000                        . = ALIGN (0x4)
                0x10000000                        _sccmram = .
 *(.ccmram)
 *(.ccmram*)
                0x10000000                        . = ALIGN (0x4)
                0x10000000                        _eccmram = .
                0x10000000                        . = ALIGN (0x4)

.bss            0x20000100     0x8b3c
                0x20000100                        _sbss = .
                0x20000100                        __bss_start__ = _sbss
 *(.bss)
 .bss           0x20000100       0x1c C:/ST/STM32CubeIDE_2.0.0/STM32CubeIDE/plugins/com.st.stm32cube.ide.mcu.externaltools.gnu-tools-for-stm32.13.3.rel1.win32_1.0.100.202509120712/tools/bin/../lib/gcc/arm-none-eabi/13.3.1/thumb/v7e-m+fp/hard/crtbegin.o
 *(.bss*)
 .bss.dma_transfer_count
                0x2000011c        0x4 ./Core/Src/adc.o
                0x2000011c                dma_transfer_count
 .bss.dma_measurement_start
                0x20000120        0x4 ./Core/Src/adc.o
                0x20000120                dma_measurement_start
 .bss.dma_measurement_active
                0x20000124        0x1 ./Core/Src/adc.o
                0x20000124                dma_measurement_active
 *fill*         0x20000125        0x3 
 .bss.semaphore_overwrite_count
                0x20000128        0x4 ./Core/Src/adc.o
                0x20000128                semaphore_overwrite_count
 .bss.adc_buffer
                0x2000012c     0x1770 ./Core/Src/adc.o
                0x2000012c                adc_buffer
 .bss.adc_buffer_spare
                0x2000189c     0x1770 ./Core/Src/adc.o
                0x2000189c                adc_buffer_spare
 .bss.dmaSemaphore
                0x2000300c        0x4 ./Core/Src/adc.o
                0x2000300c                dmaSemaphore
 .bss.readyBuffer
                0x20003010        0x4 ./Core/Src/adc.o
                0x20003010                readyBuffer
 .bss.xIdleTaskTCBBuffer
                0x20003014       0x54 ./Core/Src/freertos.o
 .bss.xIdleStack
                0x20003068      0x200 ./Core/Src/freertos.o
 .bss.receiver_handle
                0x20003268        0x4 ./Core/Src/main.o
                0x20003268                receiver_handle
 .bss.htim1     0x2000326c       0x48 ./Core/Src/stm32f4xx_hal_timebase_tim.o
                0x2000326c                htim1
 .bss.huart2    0x200032b4       0x48 ./Core/Src/uart.o
                0x200032b4                huart2
 .bss.adc_buffer_count
                0x200032fc        0x4 ./Core/Src/uart.o
                0x200032fc                adc_buffer_count
 .bss.uwTick    0x20003300        0x4 ./Drivers/STM32F4xx_HAL_Driver/Src/stm32f4xx_hal.o
                0x20003300                uwTick
 .bss.cfgidx.0  0x20003304        0x1 ./Middlewares/ST/STM32_USB_Device_Library/Core/Src/usbd_ctlreq.o
 *fill*         0x20003305        0x3 
 .bss.pxCurrentTCB
                0x20003308        0x4 ./Middlewares/Third_Party/FreeRTOS/Source/tasks.o
                0x20003308                pxCurrentTCB
 .bss.pxReadyTasksLists
                0x2000330c       0x8c ./Middlewares/Third_Party/FreeRTOS/Source/tasks.o
 .bss.xDelayedTaskList1
                0x20003398       0x14 ./Middlewares/Third_Party/FreeRTOS/Source/tasks.o
 .bss.xDelayedTaskList2
                0x200033ac       0x14 ./Middlewares/Third_Party/FreeRTOS/Source/tasks.o
 .bss.pxDelayedTaskList
                0x200033c0        0x4 ./Middlewares/Third_Party/FreeRTOS/Source/tasks.o
 .bss.pxOverflowDelayedTaskList
                0x200033c4        0x4 ./Middlewares/Third_Party/FreeRTOS/Source/tasks.o
 .bss.xPendingReadyList
                0x200033c8       0x14 ./Middlewares/Third_Party/FreeRTOS/Source/tasks.o
 .bss.xTasksWaitingTermination
                0x200033dc       0x14 ./Middlewares/Third_Party/FreeRTOS/Source/tasks.o
 .bss.uxDeletedTasksWaitingCleanUp
                0x200033f0        0x4 ./Middlewares/Third_Party/FreeRTOS/Source/tasks.o
 .bss.xSuspendedTaskList
                0x200033f4       0x14 ./Middlewares/Third_Party/FreeRTOS/Source/tasks.o
 .bss.uxCurrentNumberOfTasks
                0x20003408        0x4 ./Middlewares/Third_Party/FreeRTOS/Source/tasks.o
 .bss.xTickCount
                0x2000340c        0x4 ./Middlewares/Third_Party/FreeRTOS/Source/tasks.o
 .bss.uxTopReadyPriority
                0x20003410        0x4 ./Middlewares/Third_Party/FreeRTOS/Source/tasks.o
 .bss.xSchedulerRunning
                0x20003414        0x4 ./Middlewares/Third_Party/FreeRTOS/Source/tasks.o
 .bss.xPendedTicks
                0x20003418        0x4 ./Middlewares/Third_Party/FreeRTOS/Source/tasks.o
 .bss.xYieldPending
                0x2000341c        0x4 ./Middlewares/Third_Party/FreeRTOS/Source/tasks.o
 .bss.xNumOfOverflows
                0x20003420        0x4 ./Middlewares/Third_Party/FreeRTOS/Source/tasks.o
 .bss.uxTaskNumber
                0x20003424        0x4 ./Middlewares/Third_Party/FreeRTOS/Source/tasks.o
 .bss.xNextTaskUnblockTime
                0x20003428        0x4 ./Middlewares/Third_Party/FreeRTOS/Source/tasks.o
 .bss.xIdleTaskHandle
                0x2000342c        0x4 ./Middlewares/Third_Party/FreeRTOS/Source/tasks.o
 .bss.uxSchedulerSuspended
                0x20003430        0x4 ./Middlewares/Third_Party/FreeRTOS/Source/tasks.o
 .bss.ucMaxSysCallPriority
                0x20003434        0x1 ./Middlewares/Third_Party/FreeRTOS/Source/portable/GCC/ARM_CM4F/port.o
 *fill*         0x20003435        0x3 
 .bss.ulMaxPRIGROUPValue
                0x20003438        0x4 ./Middlewares/Third_Party/FreeRTOS/Source/portable/GCC/ARM_CM4F/port.o
 .bss.ucHeap    0x2000343c     0x3c00 ./Middlewares/Third_Party/FreeRTOS/Source/portable/MemMang/heap_4.o
 .bss.xStart    0x2000703c        0x8 ./Middlewares/Third_Party/FreeRTOS/Source/portable/MemMang/heap_4.o
 .bss.pxEnd     0x20007044        0x4 ./Middlewares/Third_Party/FreeRTOS/Source/portable/MemMang/heap_4.o
 .bss.xFreeBytesRemaining
                0x20007048        0x4 ./Middlewares/Third_Party/FreeRTOS/Source/portable/MemMang/heap_4.o
 .bss.xMinimumEverFreeBytesRemaining
                0x2000704c        0x4 ./Middlewares/Third_Party/FreeRTOS/Source/portable/MemMang/heap_4.o
 .bss.xNumberOfSuccessfulAllocations
                0x20007050        0x4 ./Middlewares/Third_Party/FreeRTOS/Source/portable/MemMang/heap_4.o
 .bss.xNumberOfSuccessfulFrees
                0x20007054        0x4 ./Middlewares/Third_Party/FreeRTOS/Source/portable/MemMang/heap_4.o
 .bss.xBlockAllocatedBit
                0x20007058        0x4 ./Middlewares/Third_Party/FreeRTOS/Source/portable/MemMang/heap_4.o
 .bss.hUsbDeviceFS
                0x2000705c      0x2dc ./USB_DEVICE/App/usb_device.o
                0x2000705c                hUsbDeviceFS
 .bss.UserRxBufferFS
                0x20007338      0x800 ./USB_DEVICE/App/usbd_cdc_if.o
                0x20007338                UserRxBufferFS
 .bss.UserTxBufferFS
                0x20007b38      0x800 ./USB_DEVICE/App/usbd_cdc_if.o
                0x20007b38                UserTxBufferFS
 .bss.USBD_StrDesc
                0x20008338      0x200 ./USB_DEVICE/App/usbd_desc.o
                0x20008338                USBD_StrDesc
 .bss.hpcd_USB_OTG_FS
                0x20008538      0x4e4 ./USB_DEVICE/Target/usbd_conf.o
                0x20008538                hpcd_USB_OTG_FS
 .bss.mem.0     0x20008a1c      0x220 ./USB_DEVICE/Target/usbd_conf.o
 *(COMMON)
                0x20008c3c                        . = ALIGN (0x4)
                0x20008c3c                        _ebss = .
                0x20008c3c                        __bss_end__ = _ebss

._user_heap_stack
                0x20008c3c      0x604
                0x20008c40                        . = ALIGN (0x8)
 *fill*         0x20008c3c        0x4 
                [!provide]                        PROVIDE (end = .)
                0x20008c40                        PROVIDE (_end = .)
                0x20008e40                        . = (. + _Min_Heap_Size)
 *fill*         0x20008c40      0x200 
                0x20009240                        . = (. + _Min_Stack_Size)
 *fill*         0x20008e40      0x400 
                0x20009240                        . = ALIGN (0x8)

/DISCARD/
 libc.a(*)
 libm.a(*)
 libgcc.a(*)

.ARM.attributes
                0x00000000       0x30
 *(.ARM.attributes)
 .ARM.attributes
                0x00000000       0x22 C:/ST/STM32CubeIDE_2.0.0/STM32CubeIDE/plugins/com.st.stm32cube.ide.mcu.externaltools.gnu-tools-for-stm32.13.3.rel1.win32_1.0.100.202509120712/tools/bin/../lib/gcc/arm-none-eabi/13.3.1/thumb/v7e-m+fp/hard/crti.o
 .ARM.attributes
                0x00000022       0x34 C:/ST/STM32CubeIDE_2.0.0/STM32CubeIDE/plugins/com.st.stm32cube.ide.mcu.externaltools.gnu-tools-for-stm32.13.3.rel1.win32_1.0.100.202509120712/tools/bin/../lib/gcc/arm-none-eabi/13.3.1/thumb/v7e-m+fp/hard/crtbegin.o
 .ARM.attributes
                0x00000056       0x34 ./Core/Src/adc.o
 .ARM.attributes
                0x0000008a       0x34 ./Core/Src/exti.o
 .ARM.attributes
                0x000000be       0x34 ./Core/Src/freertos.o
 .ARM.attributes
                0x000000f2       0x34 ./Core/Src/main.o
 .ARM.attributes
                0x00000126       0x34 ./Core/Src/stm32f4xx_hal_msp.o
 .ARM.attributes
                0x0000015a       0x34 ./Core/Src/stm32f4xx_hal_timebase_tim.o
 .ARM.attributes
                0x0000018e       0x34 ./Core/Src/stm32f4xx_it.o
 .ARM.attributes
                0x000001c2       0x34 ./Core/Src/system_stm32f4xx.o
 .ARM.attributes
                0x000001f6       0x34 ./Core/Src/uart.o
 .ARM.attributes
                0x0000022a       0x21 ./Core/Startup/startup_stm32f407vgtx.o
 .ARM.attributes
                0x0000024b       0x34 ./Drivers/STM32F4xx_HAL_Driver/Src/stm32f4xx_hal.o
 .ARM.attributes
                0x0000027f       0x34 ./Drivers/STM32F4xx_HAL_Driver/Src/stm32f4xx_hal_cortex.o
 .ARM.attributes
                0x000002b3       0x34 ./Drivers/STM32F4xx_HAL_Driver/Src/stm32f4xx_hal_gpio.o
 .ARM.attributes
                0x000002e7       0x34 ./Drivers/STM32F4xx_HAL_Driver/Src/stm32f4xx_hal_pcd.o
 .ARM.attributes
                0x0000031b       0x34 ./Drivers/STM32F4xx_HAL_Driver/Src/stm32f4xx_hal_pcd_ex.o
 .ARM.attributes
                0x0000034f       0x34 ./Drivers/STM32F4xx_HAL_Driver/Src/stm32f4xx_hal_rcc.o
 .ARM.attributes
                0x00000383       0x34 ./Drivers/STM32F4xx_HAL_Driver/Src/stm32f4xx_hal_tim.o
 .ARM.attributes
                0x000003b7       0x34 ./Drivers/STM32F4xx_HAL_Driver/Src/stm32f4xx_hal_tim_ex.o
 .ARM.attributes
                0x000003eb       0x34 ./Drivers/STM32F4xx_HAL_Driver/Src/stm32f4xx_hal_uart.o
 .ARM.attributes
                0x0000041f       0x34 ./Drivers/STM32F4xx_HAL_Driver/Src/stm32f4xx_ll_usb.o
 .ARM.attributes
                0x00000453       0x34 ./Middlewares/ST/STM32_USB_Device_Library/Class/CDC/Src/usbd_cdc.o
 .ARM.attributes
                0x00000487       0x34 ./Middlewares/ST/STM32_USB_Device_Library/Core/Src/usbd_core.o
 .ARM.attributes
                0x000004bb       0x34 ./Middlewares/ST/STM32_USB_Device_Library/Core/Src/usbd_ctlreq.o
 .ARM.attributes
                0x000004ef       0x34 ./Middlewares/ST/STM32_USB_Device_Library/Core/Src/usbd_ioreq.o
 .ARM.attributes
                0x00000523       0x34 ./Middlewares/Third_Party/FreeRTOS/Source/list.o
 .ARM.attributes
                0x00000557       0x34 ./Middlewares/Third_Party/FreeRTOS/Source/queue.o
 .ARM.attributes
                0x0000058b       0x34 ./Middlewares/Third_Party/FreeRTOS/Source/tasks.o
 .ARM.attributes
                0x000005bf       0x34 ./Middlewares/Third_Party/FreeRTOS/Source/portable/GCC/ARM_CM4F/port.o
 .ARM.attributes
                0x000005f3       0x34 ./Middlewares/Third_Party/FreeRTOS/Source/portable/MemMang/heap_4.o
 .ARM.attributes
                0x00000627       0x34 ./USB_DEVICE/App/usb_device.o
 .ARM.attributes
                0x0000065b       0x34 ./USB_DEVICE/App/usbd_cdc_if.o
 .ARM.attributes
                0x0000068f       0x34 ./USB_DEVICE/App/usbd_desc.o
 .ARM.attributes
                0x000006c3       0x34 ./USB_DEVICE/Target/usbd_conf.o
 .ARM.attributes
                0x000006f7       0x34 C:/ST/STM32CubeIDE_2.0.0/STM32CubeIDE/plugins/com.st.stm32cube.ide.mcu.externaltools.gnu-tools-for-stm32.13.3.rel1.win32_1.0.100.202509120712/tools/bin/../lib/gcc/arm-none-eabi/13.3.1/../../../../arm-none-eabi/lib/thumb/v7e-m+fp/hard\libc_nano.a(libc_a-memset.o)
 .ARM.attributes
                0x0000072b       0x34 C:/ST/STM32CubeIDE_2.0.0/STM32CubeIDE/plugins/com.st.stm32cube.ide.mcu.externaltools.gnu-tools-for-stm32.13.3.rel1.win32_1.0.100.202509120712/tools/bin/../lib/gcc/arm-none-eabi/13.3.1/../../../../arm-none-eabi/lib/thumb/v7e-m+fp/hard\libc_nano.a(libc_a-init.o)
 .ARM.attributes
                0x0000075f       0x22 C:/ST/STM32CubeIDE_2.0.0/STM32CubeIDE/plugins/com.st.stm32cube.ide.mcu.externaltools.gnu-tools-for-stm32.13.3.rel1.win32_1.0.100.202509120712/tools/bin/../lib/gcc/arm-none-eabi/13.3.1/thumb/v7e-m+fp/hard\libgcc.a(_aeabi_uldivmod.o)
 .ARM.attributes
                0x00000781       0x34 C:/ST/STM32CubeIDE_2.0.0/STM32CubeIDE/plugins/com.st.stm32cube.ide.mcu.externaltools.gnu-tools-for-stm32.13.3.rel1.win32_1.0.100.202509120712/tools/bin/../lib/gcc/arm-none-eabi/13.3.1/thumb/v7e-m+fp/hard\libgcc.a(_udivmoddi4.o)
 .ARM.attributes
                0x000007b5       0x22 C:/ST/STM32CubeIDE_2.0.0/STM32CubeIDE/plugins/com.st.stm32cube.ide.mcu.externaltools.gnu-tools-for-stm32.13.3.rel1.win32_1.0.100.202509120712/tools/bin/../lib/gcc/arm-none-eabi/13.3.1/thumb/v7e-m+fp/hard\libgcc.a(_dvmd_tls.o)
 .ARM.attributes
                0x000007d7       0x22 C:/ST/STM32CubeIDE_2.0.0/STM32CubeIDE/plugins/com.st.stm32cube.ide.mcu.externaltools.gnu-tools-for-stm32.13.3.rel1.win32_1.0.100.202509120712/tools/bin/../lib/gcc/arm-none-eabi/13.3.1/thumb/v7e-m+fp/hard/crtn.o
OUTPUT(FreeRTOS_v9_DMA_ADC.elf elf32-littlearm)
LOAD linker stubs
LOAD C:/ST/STM32CubeIDE_2.0.0/STM32CubeIDE/plugins/com.st.stm32cube.ide.mcu.externaltools.gnu-tools-for-stm32.13.3.rel1.win32_1.0.100.202509120712/tools/bin/../lib/gcc/arm-none-eabi/13.3.1/../../../../arm-none-eabi/lib/thumb/v7e-m+fp/hard\libc.a
LOAD C:/ST/STM32CubeIDE_2.0.0/STM32CubeIDE/plugins/com.st.stm32cube.ide.mcu.externaltools.gnu-tools-for-stm32.13.3.rel1.win32_1.0.100.202509120712/tools/bin/../lib/gcc/arm-none-eabi/13.3.1/../../../../arm-none-eabi/lib/thumb/v7e-m+fp/hard\libm.a
LOAD C:/ST/STM32CubeIDE_2.0.0/STM32CubeIDE/plugins/com.st.stm32cube.ide.mcu.externaltools.gnu-tools-for-stm32.13.3.rel1.win32_1.0.100.202509120712/tools/bin/../lib/gcc/arm-none-eabi/13.3.1/thumb/v7e-m+fp/hard\libgcc.a

.debug_info     0x00000000    0x1c36f
 .debug_info    0x00000000      0xbdf ./Core/Src/adc.o
 .debug_info    0x00000bdf      0x9b5 ./Core/Src/exti.o
 .debug_info    0x00001594      0x279 ./Core/Src/freertos.o
 .debug_info    0x0000180d      0xe00 ./Core/Src/main.o
 .debug_info    0x0000260d      0xb38 ./Core/Src/stm32f4xx_hal_msp.o
 .debug_info    0x00003145      0xbe0 ./Core/Src/stm32f4xx_hal_timebase_tim.o
 .debug_info    0x00003d25      0xb85 ./Core/Src/stm32f4xx_it.o
 .debug_info    0x000048aa      0x512 ./Core/Src/system_stm32f4xx.o
 .debug_info    0x00004dbc      0x6b0 ./Core/Src/uart.o
 .debug_info    0x0000546c       0x30 ./Core/Startup/startup_stm32f407vgtx.o
 .debug_info    0x0000549c      0x944 ./Drivers/STM32F4xx_HAL_Driver/Src/stm32f4xx_hal.o
 .debug_info    0x00005de0      0xd8c ./Drivers/STM32F4xx_HAL_Driver/Src/stm32f4xx_hal_cortex.o
 .debug_info    0x00006b6c      0x6c3 ./Drivers/STM32F4xx_HAL_Driver/Src/stm32f4xx_hal_gpio.o
 .debug_info    0x0000722f     0x156f ./Drivers/STM32F4xx_HAL_Driver/Src/stm32f4xx_hal_pcd.o
 .debug_info    0x0000879e      0x6ea ./Drivers/STM32F4xx_HAL_Driver/Src/stm32f4xx_hal_pcd_ex.o
 .debug_info    0x00008e88      0x8c3 ./Drivers/STM32F4xx_HAL_Driver/Src/stm32f4xx_hal_rcc.o
 .debug_info    0x0000974b     0x299d ./Drivers/STM32F4xx_HAL_Driver/Src/stm32f4xx_hal_tim.o
 .debug_info    0x0000c0e8     0x14db ./Drivers/STM32F4xx_HAL_Driver/Src/stm32f4xx_hal_tim_ex.o
 .debug_info    0x0000d5c3     0x2f4f ./Drivers/STM32F4xx_HAL_Driver/Src/stm32f4xx_hal_uart.o
 .debug_info    0x00010512     0x1993 ./Drivers/STM32F4xx_HAL_Driver/Src/stm32f4xx_ll_usb.o
 .debug_info    0x00011ea5     0x12b1 ./Middlewares/ST/STM32_USB_Device_Library/Class/CDC/Src/usbd_cdc.o
 .debug_info    0x00013156      0xe12 ./Middlewares/ST/STM32_USB_Device_Library/Core/Src/usbd_core.o
 .debug_info    0x00013f68      0xaeb ./Middlewares/ST/STM32_USB_Device_Library/Core/Src/usbd_ctlreq.o
 .debug_info    0x00014a53      0x762 ./Middlewares/ST/STM32_USB_Device_Library/Core/Src/usbd_ioreq.o
 .debug_info    0x000151b5      0x2af ./Middlewares/Third_Party/FreeRTOS/Source/list.o
 .debug_info    0x00015464     0x17cd ./Middlewares/Third_Party/FreeRTOS/Source/queue.o
 .debug_info    0x00016c31     0x1ca7 ./Middlewares/Third_Party/FreeRTOS/Source/tasks.o
 .debug_info    0x000188d8      0x4de ./Middlewares/Third_Party/FreeRTOS/Source/portable/GCC/ARM_CM4F/port.o
 .debug_info    0x00018db6      0x4d5 ./Middlewares/Third_Party/FreeRTOS/Source/portable/MemMang/heap_4.o
 .debug_info    0x0001928b      0x70e ./USB_DEVICE/App/usb_device.o
 .debug_info    0x00019999      0x907 ./USB_DEVICE/App/usbd_cdc_if.o
 .debug_info    0x0001a2a0      0x458 ./USB_DEVICE/App/usbd_desc.o
 .debug_info    0x0001a6f8     0x1c77 ./USB_DEVICE/Target/usbd_conf.o

.debug_abbrev   0x00000000     0x47f8
 .debug_abbrev  0x00000000      0x242 ./Core/Src/adc.o
 .debug_abbrev  0x00000242      0x18c ./Core/Src/exti.o
 .debug_abbrev  0x000003ce       0xd2 ./Core/Src/freertos.o
 .debug_abbrev  0x000004a0      0x2ae ./Core/Src/main.o
 .debug_abbrev  0x0000074e      0x1ca ./Core/Src/stm32f4xx_hal_msp.o
 .debug_abbrev  0x00000918      0x1f4 ./Core/Src/stm32f4xx_hal_timebase_tim.o
 .debug_abbrev  0x00000b0c      0x1d6 ./Core/Src/stm32f4xx_it.o
 .debug_abbrev  0x00000ce2      0x11a ./Core/Src/system_stm32f4xx.o
 .debug_abbrev  0x00000dfc      0x1a8 ./Core/Src/uart.o
 .debug_abbrev  0x00000fa4       0x24 ./Core/Startup/startup_stm32f407vgtx.o
 .debug_abbrev  0x00000fc8      0x214 ./Drivers/STM32F4xx_HAL_Driver/Src/stm32f4xx_hal.o
 .debug_abbrev  0x000011dc      0x31d ./Drivers/STM32F4xx_HAL_Driver/Src/stm32f4xx_hal_cortex.o
 .debug_abbrev  0x000014f9      0x1d4 ./Drivers/STM32F4xx_HAL_Driver/Src/stm32f4xx_hal_gpio.o
 .debug_abbrev  0x000016cd      0x2b9 ./Drivers/STM32F4xx_HAL_Driver/Src/stm32f4xx_hal_pcd.o
 .debug_abbrev  0x00001986      0x1da ./Drivers/STM32F4xx_HAL_Driver/Src/stm32f4xx_hal_pcd_ex.o
 .debug_abbrev  0x00001b60      0x2b7 ./Drivers/STM32F4xx_HAL_Driver/Src/stm32f4xx_hal_rcc.o
 .debug_abbrev  0x00001e17      0x278 ./Drivers/STM32F4xx_HAL_Driver/Src/stm32f4xx_hal_tim.o
 .debug_abbrev  0x0000208f      0x283 ./Drivers/STM32F4xx_HAL_Driver/Src/stm32f4xx_hal_tim_ex.o
 .debug_abbrev  0x00002312      0x30e ./Drivers/STM32F4xx_HAL_Driver/Src/stm32f4xx_hal_uart.o
 .debug_abbrev  0x00002620      0x2b3 ./Drivers/STM32F4xx_HAL_Driver/Src/stm32f4xx_ll_usb.o
 .debug_abbrev  0x000028d3      0x2d2 ./Middlewares/ST/STM32_USB_Device_Library/Class/CDC/Src/usbd_cdc.o
 .debug_abbrev  0x00002ba5      0x27c ./Middlewares/ST/STM32_USB_Device_Library/Core/Src/usbd_core.o
 .debug_abbrev  0x00002e21      0x26f ./Middlewares/ST/STM32_USB_Device_Library/Core/Src/usbd_ctlreq.o
 .debug_abbrev  0x00003090      0x19a ./Middlewares/ST/STM32_USB_Device_Library/Core/Src/usbd_ioreq.o
 .debug_abbrev  0x0000322a       0xf5 ./Middlewares/Third_Party/FreeRTOS/Source/list.o
 .debug_abbrev  0x0000331f      0x3b5 ./Middlewares/Third_Party/FreeRTOS/Source/queue.o
 .debug_abbrev  0x000036d4      0x359 ./Middlewares/Third_Party/FreeRTOS/Source/tasks.o
 .debug_abbrev  0x00003a2d      0x25c ./Middlewares/Third_Party/FreeRTOS/Source/portable/GCC/ARM_CM4F/port.o
 .debug_abbrev  0x00003c89      0x21d ./Middlewares/Third_Party/FreeRTOS/Source/portable/MemMang/heap_4.o
 .debug_abbrev  0x00003ea6      0x195 ./USB_DEVICE/App/usb_device.o
 .debug_abbrev  0x0000403b      0x29d ./USB_DEVICE/App/usbd_cdc_if.o
 .debug_abbrev  0x000042d8      0x1e1 ./USB_DEVICE/App/usbd_desc.o
 .debug_abbrev  0x000044b9      0x33f ./USB_DEVICE/Target/usbd_conf.o

.debug_aranges  0x00000000     0x1768
 .debug_aranges
                0x00000000       0x38 ./Core/Src/adc.o
 .debug_aranges
                0x00000038       0x40 ./Core/Src/exti.o
 .debug_aranges
                0x00000078       0x20 ./Core/Src/freertos.o
 .debug_aranges
                0x00000098       0x40 ./Core/Src/main.o
 .debug_aranges
                0x000000d8       0x30 ./Core/Src/stm32f4xx_hal_msp.o
 .debug_aranges
                0x00000108       0x30 ./Core/Src/stm32f4xx_hal_timebase_tim.o
 .debug_aranges
                0x00000138       0x58 ./Core/Src/stm32f4xx_it.o
 .debug_aranges
                0x00000190       0x28 ./Core/Src/system_stm32f4xx.o
 .debug_aranges
                0x000001b8       0x30 ./Core/Src/uart.o
 .debug_aranges
                0x000001e8       0x28 ./Core/Startup/startup_stm32f407vgtx.o
 .debug_aranges
                0x00000210       0xf0 ./Drivers/STM32F4xx_HAL_Driver/Src/stm32f4xx_hal.o
 .debug_aranges
                0x00000300      0x130 ./Drivers/STM32F4xx_HAL_Driver/Src/stm32f4xx_hal_cortex.o
 .debug_aranges
                0x00000430       0x58 ./Drivers/STM32F4xx_HAL_Driver/Src/stm32f4xx_hal_gpio.o
 .debug_aranges
                0x00000488      0x148 ./Drivers/STM32F4xx_HAL_Driver/Src/stm32f4xx_hal_pcd.o
 .debug_aranges
                0x000005d0       0x38 ./Drivers/STM32F4xx_HAL_Driver/Src/stm32f4xx_hal_pcd_ex.o
 .debug_aranges
                0x00000608       0x88 ./Drivers/STM32F4xx_HAL_Driver/Src/stm32f4xx_hal_rcc.o
 .debug_aranges
                0x00000690      0x3d0 ./Drivers/STM32F4xx_HAL_Driver/Src/stm32f4xx_hal_tim.o
 .debug_aranges
                0x00000a60      0x168 ./Drivers/STM32F4xx_HAL_Driver/Src/stm32f4xx_hal_tim_ex.o
 .debug_aranges
                0x00000bc8      0x208 ./Drivers/STM32F4xx_HAL_Driver/Src/stm32f4xx_hal_uart.o
 .debug_aranges
                0x00000dd0      0x1a0 ./Drivers/STM32F4xx_HAL_Driver/Src/stm32f4xx_ll_usb.o
 .debug_aranges
                0x00000f70       0x90 ./Middlewares/ST/STM32_USB_Device_Library/Class/CDC/Src/usbd_cdc.o
 .debug_aranges
                0x00001000       0xd8 ./Middlewares/ST/STM32_USB_Device_Library/Core/Src/usbd_core.o
 .debug_aranges
                0x000010d8       0x90 ./Middlewares/ST/STM32_USB_Device_Library/Core/Src/usbd_ctlreq.o
 .debug_aranges
                0x00001168       0x50 ./Middlewares/ST/STM32_USB_Device_Library/Core/Src/usbd_ioreq.o
 .debug_aranges
                0x000011b8       0x40 ./Middlewares/Third_Party/FreeRTOS/Source/list.o
 .debug_aranges
                0x000011f8      0x108 ./Middlewares/Third_Party/FreeRTOS/Source/queue.o
 .debug_aranges
                0x00001300      0x1b8 ./Middlewares/Third_Party/FreeRTOS/Source/tasks.o
 .debug_aranges
                0x000014b8       0x80 ./Middlewares/Third_Party/FreeRTOS/Source/portable/GCC/ARM_CM4F/port.o
 .debug_aranges
                0x00001538       0x58 ./Middlewares/Third_Party/FreeRTOS/Source/portable/MemMang/heap_4.o
 .debug_aranges
                0x00001590       0x20 ./USB_DEVICE/App/usb_device.o
 .debug_aranges
                0x000015b0       0x48 ./USB_DEVICE/App/usbd_cdc_if.o
 .debug_aranges
                0x000015f8       0x60 ./USB_DEVICE/App/usbd_desc.o
 .debug_aranges
                0x00001658      0x110 ./USB_DEVICE/Target/usbd_conf.o

.debug_rnglists
                0x00000000     0x11f0
 .debug_rnglists
                0x00000000       0x27 ./Core/Src/adc.o
 .debug_rnglists
                0x00000027       0x2b ./Core/Src/exti.o
 .debug_rnglists
                0x00000052       0x13 ./Core/Src/freertos.o
 .debug_rnglists
                0x00000065       0x2d ./Core/Src/main.o
 .debug_rnglists
                0x00000092       0x20 ./Core/Src/stm32f4xx_hal_msp.o
 .debug_rnglists
                0x000000b2       0x20 ./Core/Src/stm32f4xx_hal_timebase_tim.o
 .debug_rnglists
                0x000000d2       0x3d ./Core/Src/stm32f4xx_it.o
 .debug_rnglists
                0x0000010f       0x1a ./Core/Src/system_stm32f4xx.o
 .debug_rnglists
                0x00000129       0x1f ./Core/Src/uart.o
 .debug_rnglists
                0x00000148       0x19 ./Core/Startup/startup_stm32f407vgtx.o
 .debug_rnglists
                0x00000161       0xaf ./Drivers/STM32F4xx_HAL_Driver/Src/stm32f4xx_hal.o
 .debug_rnglists
                0x00000210       0xe0 ./Drivers/STM32F4xx_HAL_Driver/Src/stm32f4xx_hal_cortex.o
 .debug_rnglists
                0x000002f0       0x3f ./Drivers/STM32F4xx_HAL_Driver/Src/stm32f4xx_hal_gpio.o
 .debug_rnglists
                0x0000032f       0xfa ./Drivers/STM32F4xx_HAL_Driver/Src/stm32f4xx_hal_pcd.o
 .debug_rnglists
                0x00000429       0x26 ./Drivers/STM32F4xx_HAL_Driver/Src/stm32f4xx_hal_pcd_ex.o
 .debug_rnglists
                0x0000044f       0x66 ./Drivers/STM32F4xx_HAL_Driver/Src/stm32f4xx_hal_rcc.o
 .debug_rnglists
                0x000004b5      0x31a ./Drivers/STM32F4xx_HAL_Driver/Src/stm32f4xx_hal_tim.o
 .debug_rnglists
                0x000007cf      0x125 ./Drivers/STM32F4xx_HAL_Driver/Src/stm32f4xx_hal_tim_ex.o
 .debug_rnglists
                0x000008f4      0x1bc ./Drivers/STM32F4xx_HAL_Driver/Src/stm32f4xx_hal_uart.o
 .debug_rnglists
                0x00000ab0      0x147 ./Drivers/STM32F4xx_HAL_Driver/Src/stm32f4xx_ll_usb.o
 .debug_rnglists
                0x00000bf7       0x6c ./Middlewares/ST/STM32_USB_Device_Library/Class/CDC/Src/usbd_cdc.o
 .debug_rnglists
                0x00000c63       0xa1 ./Middlewares/ST/STM32_USB_Device_Library/Core/Src/usbd_core.o
 .debug_rnglists
                0x00000d04       0x6e ./Middlewares/ST/STM32_USB_Device_Library/Core/Src/usbd_ctlreq.o
 .debug_rnglists
                0x00000d72       0x37 ./Middlewares/ST/STM32_USB_Device_Library/Core/Src/usbd_ioreq.o
 .debug_rnglists
                0x00000da9       0x2b ./Middlewares/Third_Party/FreeRTOS/Source/list.o
 .debug_rnglists
                0x00000dd4       0xcd ./Middlewares/Third_Party/FreeRTOS/Source/queue.o
 .debug_rnglists
                0x00000ea1      0x15f ./Middlewares/Third_Party/FreeRTOS/Source/tasks.o
 .debug_rnglists
                0x00001000       0x5d ./Middlewares/Third_Party/FreeRTOS/Source/portable/GCC/ARM_CM4F/port.o
 .debug_rnglists
                0x0000105d       0x42 ./Middlewares/Third_Party/FreeRTOS/Source/portable/MemMang/heap_4.o
 .debug_rnglists
                0x0000109f       0x13 ./USB_DEVICE/App/usb_device.o
 .debug_rnglists
                0x000010b2       0x32 ./USB_DEVICE/App/usbd_cdc_if.o
 .debug_rnglists
                0x000010e4       0x43 ./USB_DEVICE/App/usbd_desc.o
 .debug_rnglists
                0x00001127       0xc9 ./USB_DEVICE/Target/usbd_conf.o

.debug_macro    0x00000000    0x26161
 .debug_macro   0x00000000      0x2b5 ./Core/Src/adc.o
 .debug_macro   0x000002b5      0xad8 ./Core/Src/adc.o
 .debug_macro   0x00000d8d      0x2a1 ./Core/Src/adc.o
 .debug_macro   0x0000102e       0x2e ./Core/Src/adc.o
 .debug_macro   0x0000105c       0x2f ./Core/Src/adc.o
 .debug_macro   0x0000108b       0x22 ./Core/Src/adc.o
 .debug_macro   0x000010ad       0x8e ./Core/Src/adc.o
 .debug_macro   0x0000113b       0x51 ./Core/Src/adc.o
 .debug_macro   0x0000118c      0x103 ./Core/Src/adc.o
 .debug_macro   0x0000128f       0x6a ./Core/Src/adc.o
 .debug_macro   0x000012f9      0x1df ./Core/Src/adc.o
 .debug_macro   0x000014d8       0x1c ./Core/Src/adc.o
 .debug_macro   0x000014f4       0x22 ./Core/Src/adc.o
 .debug_macro   0x00001516       0xfb ./Core/Src/adc.o
 .debug_macro   0x00001611     0x1011 ./Core/Src/adc.o
 .debug_macro   0x00002622      0x11f ./Core/Src/adc.o
 .debug_macro   0x00002741    0x15ea5 ./Core/Src/adc.o
 .debug_macro   0x000185e6       0x6d ./Core/Src/adc.o
 .debug_macro   0x00018653     0x3693 ./Core/Src/adc.o
 .debug_macro   0x0001bce6      0x190 ./Core/Src/adc.o
 .debug_macro   0x0001be76       0x5c ./Core/Src/adc.o
 .debug_macro   0x0001bed2      0x980 ./Core/Src/adc.o
 .debug_macro   0x0001c852      0x9e9 ./Core/Src/adc.o
 .debug_macro   0x0001d23b      0x115 ./Core/Src/adc.o
 .debug_macro   0x0001d350      0x13e ./Core/Src/adc.o
 .debug_macro   0x0001d48e       0xa5 ./Core/Src/adc.o
 .debug_macro   0x0001d533      0x174 ./Core/Src/adc.o
 .debug_macro   0x0001d6a7      0x287 ./Core/Src/adc.o
 .debug_macro   0x0001d92e       0x5f ./Core/Src/adc.o